
 Start  Stop   Length Name               Class

 00000H 02519H 0251AH _TEXT              CODE
 0251AH 0282FH 00316H TEST_TEXT          CODE
 02830H 02905H 000D6H OS_CPU_A_TEXT      CODE
 02906H 02ADBH 001D6H OS_CPU_C_TEXT      CODE
 02ADCH 02E58H 0037DH PC_TEXT            CODE
 02E59H 06738H 038E0H UCOS_II_TEXT       CODE
 06740H 06740H 00000H _FARDATA           FAR_DATA
 06740H 06740H 00000H _FARBSS            FAR_BSS
 06740H 06740H 00000H _OVERLAY_          OVRINFO
 06740H 06740H 00000H _1STUB_            STUBSEG
 06740H 06C65H 00526H _DATA              DATA
 06C66H 06C67H 00002H _CVTSEG            DATA
 06C68H 06C6DH 00006H _SCNSEG            DATA
 06C6EH 06C6EH 00000H _CONST             CONST
 06C6EH 06C79H 0000CH _INIT_             INITDATA
 06C7AH 06C7AH 00000H _INITEND_          INITDATA
 06C7AH 06C7AH 00000H _EXIT_             EXITDATA
 06C7AH 06C7AH 00000H _EXITEND_          EXITDATA
 06C7AH 0C3CFH 05756H _BSS               BSS
 0C3D0H 0C3D0H 00000H _BSSEND            BSSEND
 0C3D0H 0C44FH 00080H _STACK             STACK


Detailed map of segments

 0000:0000 0295 C=CODE   S=_TEXT          G=(none)  M=c0.ASM     ACBP=28
 0000:0295 002D C=CODE   S=_TEXT          G=(none)  M=ATEXIT     ACBP=28
 0000:02C2 0093 C=CODE   S=_TEXT          G=(none)  M=EXIT       ACBP=28
 0000:0355 0000 C=CODE   S=_TEXT          G=(none)  M=FILES      ACBP=28
 0000:0355 0000 C=CODE   S=_TEXT          G=(none)  M=FILES2     ACBP=28
 0000:0355 0017 C=CODE   S=_TEXT          G=(none)  M=F_LXMUL    ACBP=28
 0000:036C 0026 C=CODE   S=_TEXT          G=(none)  M=GETDATE    ACBP=28
 0000:0392 00AE C=CODE   S=_TEXT          G=(none)  M=H_LDIV     ACBP=28
 0000:0440 0021 C=CODE   S=_TEXT          G=(none)  M=H_LLSH     ACBP=28
 0000:0461 0021 C=CODE   S=_TEXT          G=(none)  M=H_LURSH    ACBP=28
 0000:0482 0060 C=CODE   S=_TEXT          G=(none)  M=H_PADD     ACBP=28
 0000:04E2 004B C=CODE   S=_TEXT          G=(none)  M=IOERROR    ACBP=28
 0000:052D 0011 C=CODE   S=_TEXT          G=(none)  M=ISATTY     ACBP=28
 0000:053E 00A2 C=CODE   S=_TEXT          G=(none)  M=LONGTOA    ACBP=28
 0000:05E0 0029 C=CODE   S=_TEXT          G=(none)  M=LSEEK      ACBP=28
 0000:0609 0021 C=CODE   S=_TEXT          G=(none)  M=N_PCMP     ACBP=28
 0000:062A 00BA C=CODE   S=_TEXT          G=(none)  M=SETUPIO    ACBP=28
 0000:06E4 0000 C=CODE   S=_TEXT          G=(none)  M=STKLEN     ACBP=28
 0000:06E4 04DB C=CODE   S=_TEXT          G=(none)  M=VPRINTER   ACBP=28
 0000:0BBF 009F C=CODE   S=_TEXT          G=(none)  M=VRAM       ACBP=28
 0000:0C5E 0000 C=CODE   S=_TEXT          G=(none)  M=WSCROLL    ACBP=28
 0000:0C5E 014E C=CODE   S=_TEXT          G=(none)  M=CPRINTF    ACBP=28
 0000:0DAC 01A5 C=CODE   S=_TEXT          G=(none)  M=CRTINIT    ACBP=28
 0000:0F51 001F C=CODE   S=_TEXT          G=(none)  M=CVTFAK     ACBP=28
 0000:0F70 0432 C=CODE   S=_TEXT          G=(none)  M=FARHEAP    ACBP=28
 0000:13A2 0140 C=CODE   S=_TEXT          G=(none)  M=FBRK       ACBP=28
 0000:14E2 005E C=CODE   S=_TEXT          G=(none)  M=GETCH      ACBP=28
 0000:1540 00AC C=CODE   S=_TEXT          G=(none)  M=GPTEXT     ACBP=28
 0000:15EC 0012 C=CODE   S=_TEXT          G=(none)  M=KBHIT      ACBP=28
 0000:15FE 009D C=CODE   S=_TEXT          G=(none)  M=MOVETEXT   ACBP=28
 0000:169B 0017 C=CODE   S=_TEXT          G=(none)  M=PUTCH      ACBP=28
 0000:16B2 0004 C=CODE   S=_TEXT          G=(none)  M=REALCVT    ACBP=28
 0000:16B6 01C7 C=CODE   S=_TEXT          G=(none)  M=SCREEN     ACBP=28
 0000:187D 018E C=CODE   S=_TEXT          G=(none)  M=SCROLL     ACBP=28
 0000:1A0B 001C C=CODE   S=_TEXT          G=(none)  M=SETBLOCK   ACBP=28
 0000:1A27 006A C=CODE   S=_TEXT          G=(none)  M=SETJMP     ACBP=28
 0000:1A91 002C C=CODE   S=_TEXT          G=(none)  M=WHEREXY    ACBP=28
 0000:1ABD 00CD C=CODE   S=_TEXT          G=(none)  M=FFLUSH     ACBP=28
 0000:1B8A 0042 C=CODE   S=_TEXT          G=(none)  M=FLUSHALL   ACBP=28
 0000:1BCC 01E2 C=CODE   S=_TEXT          G=(none)  M=FSEEK      ACBP=28
 0000:1DAE 0024 C=CODE   S=_TEXT          G=(none)  M=MEMCPY     ACBP=28
 0000:1DD2 001B C=CODE   S=_TEXT          G=(none)  M=PRINTF     ACBP=28
 0000:1DED 03C8 C=CODE   S=_TEXT          G=(none)  M=PUTC       ACBP=28
 0000:21B5 011D C=CODE   S=_TEXT          G=(none)  M=SETVBUF    ACBP=28
 0000:22D2 0083 C=CODE   S=_TEXT          G=(none)  M=SPRINTF    ACBP=28
 0000:2355 0151 C=CODE   S=_TEXT          G=(none)  M=WRITE      ACBP=28
 0000:24A6 003C C=CODE   S=_TEXT          G=(none)  M=WRITEA     ACBP=28
 0000:24E2 0038 C=CODE   S=_TEXT          G=(none)  M=XFFLUSH    ACBP=28
 0251:000A 0316 C=CODE   S=TEST_TEXT      G=(none)  M=test.c     ACBP=28
 0283:0000 00D6 C=CODE   S=OS_CPU_A_TEXT  G=(none)  M=\SOFTWARE\uCOS-II\Ix86L\BC45\OS_CPU_A.ASM ACBP=48
 0290:0006 01D6 C=CODE   S=OS_CPU_C_TEXT  G=(none)  M=os_cpu_c.c ACBP=28
 02AD:000C 037D C=CODE   S=PC_TEXT        G=(none)  M=pc.c       ACBP=28
 02E5:0009 38E0 C=CODE   S=UCOS_II_TEXT   G=(none)  M=ucos_ii.c  ACBP=28
 0674:0000 0000 C=FAR_DATA S=_FARDATA       G=(none)  M=c0.ASM     ACBP=68
 0674:0000 0000 C=FAR_BSS S=_FARBSS        G=(none)  M=c0.ASM     ACBP=68
 0674:0000 0000 C=OVRINFO S=_OVERLAY_      G=(none)  M=c0.ASM     ACBP=68
 0674:0000 0000 C=STUBSEG S=_1STUB_        G=(none)  M=c0.ASM     ACBP=68
 0674:0000 0093 C=DATA   S=_DATA          G=DGROUP  M=c0.ASM     ACBP=68
 0674:0094 0007 C=DATA   S=_DATA          G=DGROUP  M=test.c     ACBP=48
 0674:009C 0000 C=DATA   S=_DATA          G=DGROUP  M=\SOFTWARE\uCOS-II\Ix86L\BC45\OS_CPU_A.ASM ACBP=48
 0674:009C 0000 C=DATA   S=_DATA          G=DGROUP  M=os_cpu_c.c ACBP=48
 0674:009C 001F C=DATA   S=_DATA          G=DGROUP  M=pc.c       ACBP=48
 0674:00BC 0186 C=DATA   S=_DATA          G=DGROUP  M=ucos_ii.c  ACBP=48
 0674:0242 0002 C=DATA   S=_DATA          G=DGROUP  M=ATEXIT     ACBP=48
 0674:0244 000C C=DATA   S=_DATA          G=DGROUP  M=EXIT       ACBP=48
 0674:0250 0190 C=DATA   S=_DATA          G=DGROUP  M=FILES      ACBP=48
 0674:03E0 002A C=DATA   S=_DATA          G=DGROUP  M=FILES2     ACBP=48
 0674:040A 0000 C=DATA   S=_DATA          G=DGROUP  M=F_LXMUL    ACBP=48
 0674:040A 0000 C=DATA   S=_DATA          G=DGROUP  M=GETDATE    ACBP=48
 0674:040A 0000 C=DATA   S=_DATA          G=DGROUP  M=H_LDIV     ACBP=48
 0674:040A 0000 C=DATA   S=_DATA          G=DGROUP  M=H_LLSH     ACBP=48
 0674:040A 0000 C=DATA   S=_DATA          G=DGROUP  M=H_LURSH    ACBP=48
 0674:040A 0000 C=DATA   S=_DATA          G=DGROUP  M=H_PADD     ACBP=48
 0674:040A 005B C=DATA   S=_DATA          G=DGROUP  M=IOERROR    ACBP=48
 0674:0466 0000 C=DATA   S=_DATA          G=DGROUP  M=ISATTY     ACBP=48
 0674:0466 0000 C=DATA   S=_DATA          G=DGROUP  M=LONGTOA    ACBP=48
 0674:0466 0000 C=DATA   S=_DATA          G=DGROUP  M=LSEEK      ACBP=48
 0674:0466 0000 C=DATA   S=_DATA          G=DGROUP  M=N_PCMP     ACBP=48
 0674:0466 0000 C=DATA   S=_DATA          G=DGROUP  M=SETUPIO    ACBP=48
 0674:0466 0002 C=DATA   S=_DATA          G=DGROUP  M=STKLEN     ACBP=48
 0674:0468 0067 C=DATA   S=_DATA          G=DGROUP  M=VPRINTER   ACBP=48
 0674:04D0 0000 C=DATA   S=_DATA          G=DGROUP  M=VRAM       ACBP=48
 0674:04D0 0002 C=DATA   S=_DATA          G=DGROUP  M=WSCROLL    ACBP=48
 0674:04D2 0000 C=DATA   S=_DATA          G=DGROUP  M=CPRINTF    ACBP=48
 0674:04D2 0018 C=DATA   S=_DATA          G=DGROUP  M=CRTINIT    ACBP=48
 0674:04EA 0031 C=DATA   S=_DATA          G=DGROUP  M=CVTFAK     ACBP=48
 0674:051C 0000 C=DATA   S=_DATA          G=DGROUP  M=FARHEAP    ACBP=48
 0674:051C 0002 C=DATA   S=_DATA          G=DGROUP  M=FBRK       ACBP=48
 0674:051E 0000 C=DATA   S=_DATA          G=DGROUP  M=GETCH      ACBP=48
 0674:051E 0000 C=DATA   S=_DATA          G=DGROUP  M=GPTEXT     ACBP=48
 0674:051E 0002 C=DATA   S=_DATA          G=DGROUP  M=KBHIT      ACBP=48
 0674:0520 0000 C=DATA   S=_DATA          G=DGROUP  M=MOVETEXT   ACBP=48
 0674:0520 0000 C=DATA   S=_DATA          G=DGROUP  M=PUTCH      ACBP=48
 0674:0520 0000 C=DATA   S=_DATA          G=DGROUP  M=REALCVT    ACBP=48
 0674:0520 0000 C=DATA   S=_DATA          G=DGROUP  M=SCREEN     ACBP=48
 0674:0520 0000 C=DATA   S=_DATA          G=DGROUP  M=SCROLL     ACBP=48
 0674:0520 0000 C=DATA   S=_DATA          G=DGROUP  M=SETBLOCK   ACBP=48
 0674:0520 0000 C=DATA   S=_DATA          G=DGROUP  M=SETJMP     ACBP=48
 0674:0520 0000 C=DATA   S=_DATA          G=DGROUP  M=WHEREXY    ACBP=48
 0674:0520 0000 C=DATA   S=_DATA          G=DGROUP  M=FFLUSH     ACBP=48
 0674:0520 0000 C=DATA   S=_DATA          G=DGROUP  M=FLUSHALL   ACBP=48
 0674:0520 0000 C=DATA   S=_DATA          G=DGROUP  M=FSEEK      ACBP=48
 0674:0520 0000 C=DATA   S=_DATA          G=DGROUP  M=MEMCPY     ACBP=48
 0674:0520 0000 C=DATA   S=_DATA          G=DGROUP  M=PRINTF     ACBP=48
 0674:0520 0001 C=DATA   S=_DATA          G=DGROUP  M=PUTC       ACBP=48
 0674:0522 0004 C=DATA   S=_DATA          G=DGROUP  M=SETVBUF    ACBP=48
 0674:0526 0000 C=DATA   S=_DATA          G=DGROUP  M=SPRINTF    ACBP=48
 0674:0526 0000 C=DATA   S=_DATA          G=DGROUP  M=WRITE      ACBP=48
 0674:0526 0000 C=DATA   S=_DATA          G=DGROUP  M=WRITEA     ACBP=48
 0674:0526 0000 C=DATA   S=_DATA          G=DGROUP  M=XFFLUSH    ACBP=48
 0674:0526 0000 C=DATA   S=_CVTSEG        G=DGROUP  M=c0.ASM     ACBP=48
 0674:0526 0002 C=DATA   S=_CVTSEG        G=DGROUP  M=CVTFAK     ACBP=48
 0674:0528 0000 C=DATA   S=_CVTSEG        G=DGROUP  M=REALCVT    ACBP=48
 0674:0528 0000 C=DATA   S=_SCNSEG        G=DGROUP  M=c0.ASM     ACBP=48
 0674:0528 0006 C=DATA   S=_SCNSEG        G=DGROUP  M=CVTFAK     ACBP=48
 0674:052E 0000 C=CONST  S=_CONST         G=DGROUP  M=c0.ASM     ACBP=48
 0674:052E 0000 C=INITDATA S=_INIT_         G=DGROUP  M=c0.ASM     ACBP=48
 0674:052E 0006 C=INITDATA S=_INIT_         G=DGROUP  M=SETUPIO    ACBP=48
 0674:0534 0006 C=INITDATA S=_INIT_         G=DGROUP  M=CRTINIT    ACBP=48
 0674:053A 0000 C=INITDATA S=_INITEND_      G=DGROUP  M=c0.ASM     ACBP=28
 0674:053A 0000 C=EXITDATA S=_EXIT_         G=DGROUP  M=c0.ASM     ACBP=48
 0674:053A 0000 C=EXITDATA S=_EXITEND_      G=DGROUP  M=c0.ASM     ACBP=28
 0674:053A 0000 C=BSS    S=_BSS           G=DGROUP  M=c0.ASM     ACBP=48
 0674:053A 4AAC C=BSS    S=_BSS           G=DGROUP  M=test.c     ACBP=48
 0674:4FE6 0001 C=BSS    S=_BSS           G=DGROUP  M=os_cpu_c.c ACBP=48
 0674:4FE8 001B C=BSS    S=_BSS           G=DGROUP  M=pc.c       ACBP=48
 0674:5004 0C0A C=BSS    S=_BSS           G=DGROUP  M=ucos_ii.c  ACBP=48
 0674:5C0E 0080 C=BSS    S=_BSS           G=DGROUP  M=ATEXIT     ACBP=48
 0674:5C8E 0000 C=BSS    S=_BSS           G=DGROUP  M=IOERROR    ACBP=48
 0674:5C8E 0000 C=BSS    S=_BSS           G=DGROUP  M=ISATTY     ACBP=48
 0674:5C8E 0000 C=BSS    S=_BSS           G=DGROUP  M=LONGTOA    ACBP=48
 0674:5C8E 0000 C=BSS    S=_BSS           G=DGROUP  M=LSEEK      ACBP=48
 0674:5C8E 0000 C=BSS    S=_BSS           G=DGROUP  M=SETUPIO    ACBP=48
 0674:5C8E 0000 C=BSS    S=_BSS           G=DGROUP  M=VPRINTER   ACBP=48
 0674:5C8E 0000 C=BSS    S=_BSS           G=DGROUP  M=VRAM       ACBP=48
 0674:5C8E 0000 C=BSS    S=_BSS           G=DGROUP  M=CRTINIT    ACBP=48
 0674:5C8E 0000 C=BSS    S=_BSS           G=DGROUP  M=GETCH      ACBP=48
 0674:5C8E 0000 C=BSS    S=_BSS           G=DGROUP  M=KBHIT      ACBP=48
 0674:5C8E 0000 C=BSS    S=_BSS           G=DGROUP  M=SETBLOCK   ACBP=48
 0674:5C8E 0000 C=BSS    S=_BSS           G=DGROUP  M=SETJMP     ACBP=48
 0674:5C8E 0000 C=BSS    S=_BSS           G=DGROUP  M=MEMCPY     ACBP=48
 0674:5C8E 0001 C=BSS    S=_BSS           G=DGROUP  M=PUTC       ACBP=48
 0674:5C90 0000 C=BSS    S=_BSS           G=DGROUP  M=WRITEA     ACBP=48
 0674:5C90 0000 C=BSSEND S=_BSSEND        G=DGROUP  M=c0.ASM     ACBP=28
 0C3D:0000 0080 C=STACK  S=_STACK         G=(none)  M=c0.ASM     ACBP=74

  Address         Publics by Name

 0674:0000 idle  DATASEG@
 0000:0291 idle  DGROUP@
 0000:0395 idle  F_LDIV@
 0000:03A4 idle  F_LMOD@
 0000:039C       F_LUDIV@
 0000:03AC idle  F_LUMOD@
 0000:0443       F_LXLSH@
 0000:0355       F_LXMUL@
 0000:0464       F_LXURSH@
 0000:0485 idle  F_PADD@
 0000:04B4 idle  F_PSUB@
 0000:0395 idle  LDIV@
 0000:03A4 idle  LMOD@
 0000:039C idle  LUDIV@
 0000:03AC idle  LUMOD@
 0000:0443 idle  LXLSH@
 0000:0355 idle  LXMUL@
 0000:0464 idle  LXURSH@
 0000:0392 idle  N_LDIV@
 0000:03A1 idle  N_LMOD@
 0000:0399 idle  N_LUDIV@
 0000:03A9 idle  N_LUMOD@
 0000:0440       N_LXLSH@
 0000:0461 idle  N_LXURSH@
 0000:0482       N_PADD@
 0000:0609       N_PCMP@
 0000:04B1 idle  N_PSUB@
 0000:0485 idle  PADD@
 0000:04B4 idle  PSUB@
 0000:027A       _abort
 0000:0295 idle  _atexit
 0000:0D90 idle  _cprintf
 0674:154E       _CtxSwMessage
 0674:0094       _CtxSwMessageTop
 0674:04E1       _directvideo
 0674:007F       _errno
 0000:031A       _exit
 0000:10B0 idle  _farfree
 0000:11C4 idle  _farmalloc
 0000:1328 idle  _farrealloc
 0000:1ABD       _fflush
 0000:1B8A       _flushall
 0000:1E09 idle  _fputc
 0000:1F9E idle  _fputchar
 0000:10B0       _free
 0000:1C4E       _fseek
 0000:1CCE idle  _ftell
 0000:14E2       _getch
 0000:14FE idle  _getche
 0000:036C       _getdate
 0000:1540       _gettext
 0000:037F       _gettime
 0000:052D       _isatty
 0000:15EC       _kbhit
 0000:1A5D       _longjmp
 0000:05E0       _lseek
 0251:000A       _main
 0000:11BA       _malloc
 0000:1DAE       _memcpy
 0000:15FE       _movetext
 0674:5BCA idle  _OSCPUUsage
 0283:001E       _OSCtxSw
 0674:5C0A       _OSCtxSwCtr
 0674:5C06 idle  _OSEventFreeList
 0674:5BF2 idle  _OSEventTbl
 02E5:0938 idle  _OSFlagAccept
 02E5:0A6A idle  _OSFlagCreate
 02E5:0AE2 idle  _OSFlagDel
 0674:5BCB idle  _OSFlagFreeList
 02E5:0C24 idle  _OSFlagPend
 02E5:0E7E idle  _OSFlagPost
 02E5:101E idle  _OSFlagQuery
 0674:5BCF idle  _OSFlagTbl
 0674:57B3 idle  _OSIdleCtr
 0674:5BC6 idle  _OSIdleCtrMax
 0674:5BC2 idle  _OSIdleCtrRun
 02E5:0009       _OSInit
 0290:0006       _OSInitHookBegin
 0290:0007       _OSInitHookEnd
 0283:0059       _OSIntCtxSw
 02E5:0041 idle  _OSIntEnter
 02E5:0054       _OSIntExit
 0674:57BF idle  _OSIntExitY
 0674:57C0       _OSIntNesting
 0674:57BE idle  _OSLockNesting
 0674:00BC idle  _OSMapTbl
 02E5:12AE idle  _OSMboxAccept
 02E5:12F9       _OSMboxCreate
 02E5:136E idle  _OSMboxDel
 02E5:148C idle  _OSMboxPend
 02E5:158E idle  _OSMboxPost
 02E5:1606 idle  _OSMboxPostOpt
 02E5:16A9 idle  _OSMboxQuery
 02E5:1737 idle  _OSMemCreate
 0674:50A0 idle  _OSMemFreeList
 02E5:1882 idle  _OSMemGet
 02E5:1900 idle  _OSMemPut
 02E5:1970 idle  _OSMemQuery
 0674:503C idle  _OSMemTbl
 02E5:1ABD idle  _OSMutexAccept
 02E5:1B48       _OSMutexCreate
 02E5:1C2E idle  _OSMutexDel
 02E5:1D88       _OSMutexPend
 02E5:1F6D       _OSMutexPost
 02E5:21EF idle  _OSMutexQuery
 0674:57BD       _OSPrioCur
 0674:57BC       _OSPrioHighRdy
 02E5:22A4 idle  _OSQAccept
 02E5:2344 idle  _OSQCreate
 02E5:2467 idle  _OSQDel
 02E5:25E4 idle  _OSQFlush
 0674:5038 idle  _OSQFreeList
 02E5:263C idle  _OSQPend
 02E5:2782 idle  _OSQPost
 02E5:284A idle  _OSQPostFront
 02E5:290C idle  _OSQPostOpt
 02E5:2A4A idle  _OSQQuery
 0674:5008 idle  _OSQTbl
 0674:57BB idle  _OSRdyGrp
 0674:57B9 idle  _OSRdyTbl
 0674:57B8       _OSRunning
 02E5:010D idle  _OSSchedLock
 02E5:0123 idle  _OSSchedUnlock
 02E5:2B6F idle  _OSSemAccept
 02E5:2BA1 idle  _OSSemCreate
 02E5:2C15 idle  _OSSemDel
 02E5:2D33 idle  _OSSemPend
 02E5:2DE3 idle  _OSSemPost
 02E5:2E3D idle  _OSSemQuery
 02E5:0150       _OSStart
 0283:0000       _OSStartHighRdy
 02E5:01AF idle  _OSStatInit
 0674:5BC1 idle  _OSStatRdy
 02E5:2EC3 idle  _OSTaskChangePrio
 02E5:308F       _OSTaskCreate
 02E5:314C idle  _OSTaskCreateExt
 0290:0008       _OSTaskCreateHook
 0674:57B7 idle  _OSTaskCtr
 02E5:323C       _OSTaskDel
 0290:000D       _OSTaskDelHook
 02E5:341B idle  _OSTaskDelReq
 0290:0012       _OSTaskIdleHook
 0674:53B3 idle  _OSTaskIdleStk
 02E5:3699 idle  _OSTaskQuery
 02E5:3487 idle  _OSTaskResume
 0290:0013       _OSTaskStatHook
 0674:57C1 idle  _OSTaskStatStk
 02E5:3506 idle  _OSTaskStkChk
 0290:0014       _OSTaskStkInit
 0290:00FA idle  _OSTaskStkInit_FPE_x86
 02E5:35EB idle  _OSTaskSuspend
 0290:01D5       _OSTaskSwHook
 0674:53AF       _OSTCBCur
 0674:53AB idle  _OSTCBFreeList
 0674:53A7       _OSTCBHighRdy
 0290:01D6       _OSTCBInitHook
 0674:53A3 idle  _OSTCBList
 0674:536F idle  _OSTCBPrioTbl
 0674:50A4 idle  _OSTCBTbl
 0674:4FE6       _OSTickDOSCtr
 0283:0086       _OSTickISR
 0674:5004       _OSTime
 02E5:3707       _OSTimeDly
 02E5:374E       _OSTimeDlyHMSM
 02E5:383D idle  _OSTimeDlyResume
 02E5:38B5 idle  _OSTimeGet
 02E5:38D4       _OSTimeSet
 02E5:01EA       _OSTimeTick
 0290:01DB       _OSTimeTickHook
 0674:00C4 idle  _OSUnMapTbl
 02E5:0283 idle  _OSVersion
 02E5:0287 idle  _OS_Dummy
 02E5:0288 idle  _OS_EventTaskRdy
 02E5:0352 idle  _OS_EventTaskWait
 02E5:03BF idle  _OS_EventTO
 02E5:0413 idle  _OS_EventWaitListInit
 02E5:1140 idle  _OS_FlagInit
 02E5:11FF idle  _OS_FlagUnlink
 02E5:1A19 idle  _OS_MemInit
 02E5:2B1F idle  _OS_QInit
 02E5:060D idle  _OS_Sched
 02E5:06B4 idle  _OS_TaskIdle
 02E5:06D9 idle  _OS_TaskStat
 02E5:07A5 idle  _OS_TCBInit
 02AD:000C idle  _PC_DispChar
 02AD:004A idle  _PC_DispClrCol
 02AD:0090 idle  _PC_DispClrRow
 02AD:00C9 idle  _PC_DispClrScr
 02AD:00FA idle  _PC_DispStr
 02AD:0149       _PC_DOSReturn
 02AD:015D       _PC_DOSSaveReturn
 02AD:01CB idle  _PC_ElapsedInit
 02AD:01DF idle  _PC_ElapsedStart
 02AD:0205 idle  _PC_ElapsedStop
 02AD:0256 idle  _PC_GetDateTime
 02AD:02A9       _PC_GetKey
 02AD:02D0       _PC_SetTickRate
 0674:4FE8 idle  _PC_TickISR
 02AD:031D idle  _PC_VectGet
 02AD:0354       _PC_VectSet
 0674:154A idle  _printCtxSwMbox
 0251:0153 idle  _printCtxSwMessage
 0000:1DD2       _printf
 0000:169B       _putch
 0000:1596       _puttext
 0674:1546 idle  _R1
 0674:1542 idle  _R2
 0000:1321 idle  _realloc
 0000:1A0B       _setblock
 0000:1A27       _setjmp
 0000:21B5       _setvbuf
 0000:2312       _sprintf
 0251:018D idle  _Task1
 0251:0239 idle  _Task2
 0251:02AD idle  _Task3
 0674:053A idle  _TaskData
 0674:0542 idle  _TaskPrintCtxSwStk
 0251:0076 idle  _TaskStart
 0674:0942 idle  _TaskStartStk
 0674:0D42 idle  _TaskStk
 0000:1522 idle  _ungetch
 0000:2334 idle  _vsprintf
 0000:1A9B idle  _wherex
 0000:1AAA idle  _wherey
 0000:1000 idle  __AHINCR
 0000:000C idle  __AHSHIFT
 0674:0242       __atexitcnt
 0674:5C0E       __atexittbl
 0000:1418       __brk
 0674:008B       __brklvl
 0674:006B idle  __C0argc
 0674:006D idle  __C0argv
 0000:0E72 idle  __c0crtinit
 0674:0071 idle  __C0environ
 0674:051F       __cChar
 0000:033B idle  __cexit
 0674:051E       __cFlag
 0000:016A       __checknull
 0000:0157       __cleanup
 0000:0C5E       __CPUTN
 0000:0E8F idle  __crtinit
 0000:0000  Abs  __cvtfak
 0000:0349 idle  __c_exit
 0674:040A idle  __doserrno
 0000:051B idle  __DOSERROR
 0674:040C idle  __dosErrorToSV
 0674:0075 idle  __envLng
 0674:0077 idle  __envseg
 0674:0079 idle  __envSize
 0000:0329       __exit
 0674:0244       __exitbuf
 0674:0248 idle  __exitfopen
 0674:024C idle  __exitopen
 0000:1DED idle  __fputc
 0000:1FB2       __FPUTN
 0674:0087       __heapbase
 0674:008F       __heaptop
 0674:005B idle  __Int0Vector
 0674:005F idle  __Int4Vector
 0674:0063 idle  __Int5Vector
 0674:0067 idle  __Int6Vector
 0000:04E2       __IOERROR
 0000:053E       __LONGTOA
 0000:0293 idle  __MMODEL
 0674:03E0       __nfile
 0000:14FB idle  __Ngetche
 0000:151F idle  __Nungetch
 0674:03E2       __openfd
 0674:007D idle  __osmajor
 0674:007E idle  __osminor
 0674:007D idle  __osversion
 0674:007B       __psp
 0000:16B2       __REALCVT
 0674:0526       __RealCvtVector
 0000:01C0       __restorezero
 0000:1457       __sbrk
 0674:0528 idle  __ScanTodVector
 0000:17EC       __SCREENIO
 0000:189F       __SCROLL
 0000:062A       __setupio
 0674:0081 idle  __StartTime
 0674:0466       __stklen
 0674:0250       __streams
 0000:016B       __terminate
 0000:0000 idle  __turboCrt
 0000:05C0 idle  __UTOA
 0000:1828       __VALIDATEXY
 0674:007D idle  __version
 0674:04D2       __video
 0000:0DE7       __VideoInt
 0000:06FC       __VPRINTER
 0000:0BBF       __VPTR
 0000:0BE4       __VRAM
 0000:1A91       __wherexy
 0000:24A6       __write
 0674:04D0       __wscroll
 0000:24E2       __xfflush
 0674:0085 idle  ___brklvl
 0000:0F70 idle  ___first
 0000:0F72 idle  ___last
 0000:0F74 idle  ___rover
 0000:2355       ___write

  Address         Publics by Value

 0000:0000 idle  __turboCrt
 0000:0000  Abs  __cvtfak
 0000:000C idle  __AHSHIFT
 0000:0157       __cleanup
 0000:016A       __checknull
 0000:016B       __terminate
 0000:01C0       __restorezero
 0000:027A       _abort
 0000:0291 idle  DGROUP@
 0000:0293 idle  __MMODEL
 0000:0295 idle  _atexit
 0000:031A       _exit
 0000:0329       __exit
 0000:033B idle  __cexit
 0000:0349 idle  __c_exit
 0000:0355       F_LXMUL@
 0000:0355 idle  LXMUL@
 0000:036C       _getdate
 0000:037F       _gettime
 0000:0392 idle  N_LDIV@
 0000:0395 idle  LDIV@
 0000:0395 idle  F_LDIV@
 0000:0399 idle  N_LUDIV@
 0000:039C       F_LUDIV@
 0000:039C idle  LUDIV@
 0000:03A1 idle  N_LMOD@
 0000:03A4 idle  F_LMOD@
 0000:03A4 idle  LMOD@
 0000:03A9 idle  N_LUMOD@
 0000:03AC idle  LUMOD@
 0000:03AC idle  F_LUMOD@
 0000:0440       N_LXLSH@
 0000:0443       F_LXLSH@
 0000:0443 idle  LXLSH@
 0000:0461 idle  N_LXURSH@
 0000:0464       F_LXURSH@
 0000:0464 idle  LXURSH@
 0000:0482       N_PADD@
 0000:0485 idle  F_PADD@
 0000:0485 idle  PADD@
 0000:04B1 idle  N_PSUB@
 0000:04B4 idle  F_PSUB@
 0000:04B4 idle  PSUB@
 0000:04E2       __IOERROR
 0000:051B idle  __DOSERROR
 0000:052D       _isatty
 0000:053E       __LONGTOA
 0000:05C0 idle  __UTOA
 0000:05E0       _lseek
 0000:0609       N_PCMP@
 0000:062A       __setupio
 0000:06FC       __VPRINTER
 0000:0BBF       __VPTR
 0000:0BE4       __VRAM
 0000:0C5E       __CPUTN
 0000:0D90 idle  _cprintf
 0000:0DE7       __VideoInt
 0000:0E72 idle  __c0crtinit
 0000:0E8F idle  __crtinit
 0000:0F70 idle  ___first
 0000:0F72 idle  ___last
 0000:0F74 idle  ___rover
 0000:1000 idle  __AHINCR
 0000:10B0       _free
 0000:10B0 idle  _farfree
 0000:11BA       _malloc
 0000:11C4 idle  _farmalloc
 0000:1321 idle  _realloc
 0000:1328 idle  _farrealloc
 0000:1418       __brk
 0000:1457       __sbrk
 0000:14E2       _getch
 0000:14FB idle  __Ngetche
 0000:14FE idle  _getche
 0000:151F idle  __Nungetch
 0000:1522 idle  _ungetch
 0000:1540       _gettext
 0000:1596       _puttext
 0000:15EC       _kbhit
 0000:15FE       _movetext
 0000:169B       _putch
 0000:16B2       __REALCVT
 0000:17EC       __SCREENIO
 0000:1828       __VALIDATEXY
 0000:189F       __SCROLL
 0000:1A0B       _setblock
 0000:1A27       _setjmp
 0000:1A5D       _longjmp
 0000:1A91       __wherexy
 0000:1A9B idle  _wherex
 0000:1AAA idle  _wherey
 0000:1ABD       _fflush
 0000:1B8A       _flushall
 0000:1C4E       _fseek
 0000:1CCE idle  _ftell
 0000:1DAE       _memcpy
 0000:1DD2       _printf
 0000:1DED idle  __fputc
 0000:1E09 idle  _fputc
 0000:1F9E idle  _fputchar
 0000:1FB2       __FPUTN
 0000:21B5       _setvbuf
 0000:2312       _sprintf
 0000:2334 idle  _vsprintf
 0000:2355       ___write
 0000:24A6       __write
 0000:24E2       __xfflush
 0251:000A       _main
 0251:0076 idle  _TaskStart
 0251:0153 idle  _printCtxSwMessage
 0251:018D idle  _Task1
 0251:0239 idle  _Task2
 0251:02AD idle  _Task3
 0283:0000       _OSStartHighRdy
 0283:001E       _OSCtxSw
 0283:0059       _OSIntCtxSw
 0283:0086       _OSTickISR
 0290:0006       _OSInitHookBegin
 0290:0007       _OSInitHookEnd
 0290:0008       _OSTaskCreateHook
 0290:000D       _OSTaskDelHook
 0290:0012       _OSTaskIdleHook
 0290:0013       _OSTaskStatHook
 0290:0014       _OSTaskStkInit
 0290:00FA idle  _OSTaskStkInit_FPE_x86
 0290:01D5       _OSTaskSwHook
 0290:01D6       _OSTCBInitHook
 0290:01DB       _OSTimeTickHook
 02AD:000C idle  _PC_DispChar
 02AD:004A idle  _PC_DispClrCol
 02AD:0090 idle  _PC_DispClrRow
 02AD:00C9 idle  _PC_DispClrScr
 02AD:00FA idle  _PC_DispStr
 02AD:0149       _PC_DOSReturn
 02AD:015D       _PC_DOSSaveReturn
 02AD:01CB idle  _PC_ElapsedInit
 02AD:01DF idle  _PC_ElapsedStart
 02AD:0205 idle  _PC_ElapsedStop
 02AD:0256 idle  _PC_GetDateTime
 02AD:02A9       _PC_GetKey
 02AD:02D0       _PC_SetTickRate
 02AD:031D idle  _PC_VectGet
 02AD:0354       _PC_VectSet
 02E5:0009       _OSInit
 02E5:0041 idle  _OSIntEnter
 02E5:0054       _OSIntExit
 02E5:010D idle  _OSSchedLock
 02E5:0123 idle  _OSSchedUnlock
 02E5:0150       _OSStart
 02E5:01AF idle  _OSStatInit
 02E5:01EA       _OSTimeTick
 02E5:0283 idle  _OSVersion
 02E5:0287 idle  _OS_Dummy
 02E5:0288 idle  _OS_EventTaskRdy
 02E5:0352 idle  _OS_EventTaskWait
 02E5:03BF idle  _OS_EventTO
 02E5:0413 idle  _OS_EventWaitListInit
 02E5:060D idle  _OS_Sched
 02E5:06B4 idle  _OS_TaskIdle
 02E5:06D9 idle  _OS_TaskStat
 02E5:07A5 idle  _OS_TCBInit
 02E5:0938 idle  _OSFlagAccept
 02E5:0A6A idle  _OSFlagCreate
 02E5:0AE2 idle  _OSFlagDel
 02E5:0C24 idle  _OSFlagPend
 02E5:0E7E idle  _OSFlagPost
 02E5:101E idle  _OSFlagQuery
 02E5:1140 idle  _OS_FlagInit
 02E5:11FF idle  _OS_FlagUnlink
 02E5:12AE idle  _OSMboxAccept
 02E5:12F9       _OSMboxCreate
 02E5:136E idle  _OSMboxDel
 02E5:148C idle  _OSMboxPend
 02E5:158E idle  _OSMboxPost
 02E5:1606 idle  _OSMboxPostOpt
 02E5:16A9 idle  _OSMboxQuery
 02E5:1737 idle  _OSMemCreate
 02E5:1882 idle  _OSMemGet
 02E5:1900 idle  _OSMemPut
 02E5:1970 idle  _OSMemQuery
 02E5:1A19 idle  _OS_MemInit
 02E5:1ABD idle  _OSMutexAccept
 02E5:1B48       _OSMutexCreate
 02E5:1C2E idle  _OSMutexDel
 02E5:1D88       _OSMutexPend
 02E5:1F6D       _OSMutexPost
 02E5:21EF idle  _OSMutexQuery
 02E5:22A4 idle  _OSQAccept
 02E5:2344 idle  _OSQCreate
 02E5:2467 idle  _OSQDel
 02E5:25E4 idle  _OSQFlush
 02E5:263C idle  _OSQPend
 02E5:2782 idle  _OSQPost
 02E5:284A idle  _OSQPostFront
 02E5:290C idle  _OSQPostOpt
 02E5:2A4A idle  _OSQQuery
 02E5:2B1F idle  _OS_QInit
 02E5:2B6F idle  _OSSemAccept
 02E5:2BA1 idle  _OSSemCreate
 02E5:2C15 idle  _OSSemDel
 02E5:2D33 idle  _OSSemPend
 02E5:2DE3 idle  _OSSemPost
 02E5:2E3D idle  _OSSemQuery
 02E5:2EC3 idle  _OSTaskChangePrio
 02E5:308F       _OSTaskCreate
 02E5:314C idle  _OSTaskCreateExt
 02E5:323C       _OSTaskDel
 02E5:341B idle  _OSTaskDelReq
 02E5:3487 idle  _OSTaskResume
 02E5:3506 idle  _OSTaskStkChk
 02E5:35EB idle  _OSTaskSuspend
 02E5:3699 idle  _OSTaskQuery
 02E5:3707       _OSTimeDly
 02E5:374E       _OSTimeDlyHMSM
 02E5:383D idle  _OSTimeDlyResume
 02E5:38B5 idle  _OSTimeGet
 02E5:38D4       _OSTimeSet
 0674:0000 idle  DATASEG@
 0674:005B idle  __Int0Vector
 0674:005F idle  __Int4Vector
 0674:0063 idle  __Int5Vector
 0674:0067 idle  __Int6Vector
 0674:006B idle  __C0argc
 0674:006D idle  __C0argv
 0674:0071 idle  __C0environ
 0674:0075 idle  __envLng
 0674:0077 idle  __envseg
 0674:0079 idle  __envSize
 0674:007B       __psp
 0674:007D idle  __osversion
 0674:007D idle  __osmajor
 0674:007D idle  __version
 0674:007E idle  __osminor
 0674:007F       _errno
 0674:0081 idle  __StartTime
 0674:0085 idle  ___brklvl
 0674:0087       __heapbase
 0674:008B       __brklvl
 0674:008F       __heaptop
 0674:0094       _CtxSwMessageTop
 0674:00BC idle  _OSMapTbl
 0674:00C4 idle  _OSUnMapTbl
 0674:0242       __atexitcnt
 0674:0244       __exitbuf
 0674:0248 idle  __exitfopen
 0674:024C idle  __exitopen
 0674:0250       __streams
 0674:03E0       __nfile
 0674:03E2       __openfd
 0674:040A idle  __doserrno
 0674:040C idle  __dosErrorToSV
 0674:0466       __stklen
 0674:04D0       __wscroll
 0674:04D2       __video
 0674:04E1       _directvideo
 0674:051E       __cFlag
 0674:051F       __cChar
 0674:0526       __RealCvtVector
 0674:0528 idle  __ScanTodVector
 0674:053A idle  _TaskData
 0674:0542 idle  _TaskPrintCtxSwStk
 0674:0942 idle  _TaskStartStk
 0674:0D42 idle  _TaskStk
 0674:1542 idle  _R2
 0674:1546 idle  _R1
 0674:154A idle  _printCtxSwMbox
 0674:154E       _CtxSwMessage
 0674:4FE6       _OSTickDOSCtr
 0674:4FE8 idle  _PC_TickISR
 0674:5004       _OSTime
 0674:5008 idle  _OSQTbl
 0674:5038 idle  _OSQFreeList
 0674:503C idle  _OSMemTbl
 0674:50A0 idle  _OSMemFreeList
 0674:50A4 idle  _OSTCBTbl
 0674:536F idle  _OSTCBPrioTbl
 0674:53A3 idle  _OSTCBList
 0674:53A7       _OSTCBHighRdy
 0674:53AB idle  _OSTCBFreeList
 0674:53AF       _OSTCBCur
 0674:53B3 idle  _OSTaskIdleStk
 0674:57B3 idle  _OSIdleCtr
 0674:57B7 idle  _OSTaskCtr
 0674:57B8       _OSRunning
 0674:57B9 idle  _OSRdyTbl
 0674:57BB idle  _OSRdyGrp
 0674:57BC       _OSPrioHighRdy
 0674:57BD       _OSPrioCur
 0674:57BE idle  _OSLockNesting
 0674:57BF idle  _OSIntExitY
 0674:57C0       _OSIntNesting
 0674:57C1 idle  _OSTaskStatStk
 0674:5BC1 idle  _OSStatRdy
 0674:5BC2 idle  _OSIdleCtrRun
 0674:5BC6 idle  _OSIdleCtrMax
 0674:5BCA idle  _OSCPUUsage
 0674:5BCB idle  _OSFlagFreeList
 0674:5BCF idle  _OSFlagTbl
 0674:5BF2 idle  _OSEventTbl
 0674:5C06 idle  _OSEventFreeList
 0674:5C0A       _OSCtxSwCtr
 0674:5C0E       __atexittbl

Program entry point at 0000:0000

