
 Start  Stop   Length Name               Class

 00000H 02519H 0251AH _TEXT              CODE
 0251AH 027C5H 002ACH TEST_TEXT          CODE
 027C6H 0289BH 000D6H OS_CPU_A_TEXT      CODE
 0289CH 02A71H 001D6H OS_CPU_C_TEXT      CODE
 02A72H 02DEEH 0037DH PC_TEXT            CODE
 02DEFH 0661EH 03830H UCOS_II_TEXT       CODE
 06620H 06620H 00000H _FARDATA           FAR_DATA
 06620H 06620H 00000H _FARBSS            FAR_BSS
 06620H 06620H 00000H _OVERLAY_          OVRINFO
 06620H 06620H 00000H _1STUB_            STUBSEG
 06620H 06B67H 00548H _DATA              DATA
 06B68H 06B69H 00002H _CVTSEG            DATA
 06B6AH 06B6FH 00006H _SCNSEG            DATA
 06B70H 06B70H 00000H _CONST             CONST
 06B70H 06B7BH 0000CH _INIT_             INITDATA
 06B7CH 06B7CH 00000H _INITEND_          INITDATA
 06B7CH 06B7CH 00000H _EXIT_             EXITDATA
 06B7CH 06B7CH 00000H _EXITEND_          EXITDATA
 06B7CH 10183H 09608H _BSS               BSS
 10184H 10184H 00000H _BSSEND            BSSEND
 10190H 1020FH 00080H _STACK             STACK


Detailed map of segments

 0000:0000 0295 C=CODE   S=_TEXT          G=(none)  M=c0.ASM     ACBP=28
 0000:0295 002D C=CODE   S=_TEXT          G=(none)  M=ATEXIT     ACBP=28
 0000:02C2 0093 C=CODE   S=_TEXT          G=(none)  M=EXIT       ACBP=28
 0000:0355 0000 C=CODE   S=_TEXT          G=(none)  M=FILES      ACBP=28
 0000:0355 0000 C=CODE   S=_TEXT          G=(none)  M=FILES2     ACBP=28
 0000:0355 0017 C=CODE   S=_TEXT          G=(none)  M=F_LXMUL    ACBP=28
 0000:036C 0026 C=CODE   S=_TEXT          G=(none)  M=GETDATE    ACBP=28
 0000:0392 00AE C=CODE   S=_TEXT          G=(none)  M=H_LDIV     ACBP=28
 0000:0440 0021 C=CODE   S=_TEXT          G=(none)  M=H_LLSH     ACBP=28
 0000:0461 0021 C=CODE   S=_TEXT          G=(none)  M=H_LURSH    ACBP=28
 0000:0482 0060 C=CODE   S=_TEXT          G=(none)  M=H_PADD     ACBP=28
 0000:04E2 004B C=CODE   S=_TEXT          G=(none)  M=IOERROR    ACBP=28
 0000:052D 0011 C=CODE   S=_TEXT          G=(none)  M=ISATTY     ACBP=28
 0000:053E 00A2 C=CODE   S=_TEXT          G=(none)  M=LONGTOA    ACBP=28
 0000:05E0 0029 C=CODE   S=_TEXT          G=(none)  M=LSEEK      ACBP=28
 0000:0609 0021 C=CODE   S=_TEXT          G=(none)  M=N_PCMP     ACBP=28
 0000:062A 00BA C=CODE   S=_TEXT          G=(none)  M=SETUPIO    ACBP=28
 0000:06E4 0000 C=CODE   S=_TEXT          G=(none)  M=STKLEN     ACBP=28
 0000:06E4 04DB C=CODE   S=_TEXT          G=(none)  M=VPRINTER   ACBP=28
 0000:0BBF 009F C=CODE   S=_TEXT          G=(none)  M=VRAM       ACBP=28
 0000:0C5E 0000 C=CODE   S=_TEXT          G=(none)  M=WSCROLL    ACBP=28
 0000:0C5E 014E C=CODE   S=_TEXT          G=(none)  M=CPRINTF    ACBP=28
 0000:0DAC 01A5 C=CODE   S=_TEXT          G=(none)  M=CRTINIT    ACBP=28
 0000:0F51 001F C=CODE   S=_TEXT          G=(none)  M=CVTFAK     ACBP=28
 0000:0F70 0432 C=CODE   S=_TEXT          G=(none)  M=FARHEAP    ACBP=28
 0000:13A2 0140 C=CODE   S=_TEXT          G=(none)  M=FBRK       ACBP=28
 0000:14E2 005E C=CODE   S=_TEXT          G=(none)  M=GETCH      ACBP=28
 0000:1540 00AC C=CODE   S=_TEXT          G=(none)  M=GPTEXT     ACBP=28
 0000:15EC 0012 C=CODE   S=_TEXT          G=(none)  M=KBHIT      ACBP=28
 0000:15FE 009D C=CODE   S=_TEXT          G=(none)  M=MOVETEXT   ACBP=28
 0000:169B 0017 C=CODE   S=_TEXT          G=(none)  M=PUTCH      ACBP=28
 0000:16B2 0004 C=CODE   S=_TEXT          G=(none)  M=REALCVT    ACBP=28
 0000:16B6 01C7 C=CODE   S=_TEXT          G=(none)  M=SCREEN     ACBP=28
 0000:187D 018E C=CODE   S=_TEXT          G=(none)  M=SCROLL     ACBP=28
 0000:1A0B 001C C=CODE   S=_TEXT          G=(none)  M=SETBLOCK   ACBP=28
 0000:1A27 006A C=CODE   S=_TEXT          G=(none)  M=SETJMP     ACBP=28
 0000:1A91 002C C=CODE   S=_TEXT          G=(none)  M=WHEREXY    ACBP=28
 0000:1ABD 00CD C=CODE   S=_TEXT          G=(none)  M=FFLUSH     ACBP=28
 0000:1B8A 0042 C=CODE   S=_TEXT          G=(none)  M=FLUSHALL   ACBP=28
 0000:1BCC 01E2 C=CODE   S=_TEXT          G=(none)  M=FSEEK      ACBP=28
 0000:1DAE 0024 C=CODE   S=_TEXT          G=(none)  M=MEMCPY     ACBP=28
 0000:1DD2 001B C=CODE   S=_TEXT          G=(none)  M=PRINTF     ACBP=28
 0000:1DED 03C8 C=CODE   S=_TEXT          G=(none)  M=PUTC       ACBP=28
 0000:21B5 011D C=CODE   S=_TEXT          G=(none)  M=SETVBUF    ACBP=28
 0000:22D2 0083 C=CODE   S=_TEXT          G=(none)  M=SPRINTF    ACBP=28
 0000:2355 0151 C=CODE   S=_TEXT          G=(none)  M=WRITE      ACBP=28
 0000:24A6 003C C=CODE   S=_TEXT          G=(none)  M=WRITEA     ACBP=28
 0000:24E2 0038 C=CODE   S=_TEXT          G=(none)  M=XFFLUSH    ACBP=28
 0251:000A 02AC C=CODE   S=TEST_TEXT      G=(none)  M=test.c     ACBP=28
 027C:0006 00D6 C=CODE   S=OS_CPU_A_TEXT  G=(none)  M=\SOFTWARE\uCOS-II\Ix86L\BC45\OS_CPU_A.ASM ACBP=48
 0289:000C 01D6 C=CODE   S=OS_CPU_C_TEXT  G=(none)  M=os_cpu_c.c ACBP=28
 02A7:0002 037D C=CODE   S=PC_TEXT        G=(none)  M=pc.c       ACBP=28
 02DE:000F 3830 C=CODE   S=UCOS_II_TEXT   G=(none)  M=ucos_ii.c  ACBP=28
 0662:0000 0000 C=FAR_DATA S=_FARDATA       G=(none)  M=c0.ASM     ACBP=68
 0662:0000 0000 C=FAR_BSS S=_FARBSS        G=(none)  M=c0.ASM     ACBP=68
 0662:0000 0000 C=OVRINFO S=_OVERLAY_      G=(none)  M=c0.ASM     ACBP=68
 0662:0000 0000 C=STUBSEG S=_1STUB_        G=(none)  M=c0.ASM     ACBP=68
 0662:0000 0093 C=DATA   S=_DATA          G=DGROUP  M=c0.ASM     ACBP=68
 0662:0094 0042 C=DATA   S=_DATA          G=DGROUP  M=test.c     ACBP=48
 0662:00D6 0000 C=DATA   S=_DATA          G=DGROUP  M=\SOFTWARE\uCOS-II\Ix86L\BC45\OS_CPU_A.ASM ACBP=48
 0662:00D6 0000 C=DATA   S=_DATA          G=DGROUP  M=os_cpu_c.c ACBP=48
 0662:00D6 001F C=DATA   S=_DATA          G=DGROUP  M=pc.c       ACBP=48
 0662:00F6 016E C=DATA   S=_DATA          G=DGROUP  M=ucos_ii.c  ACBP=48
 0662:0264 0002 C=DATA   S=_DATA          G=DGROUP  M=ATEXIT     ACBP=48
 0662:0266 000C C=DATA   S=_DATA          G=DGROUP  M=EXIT       ACBP=48
 0662:0272 0190 C=DATA   S=_DATA          G=DGROUP  M=FILES      ACBP=48
 0662:0402 002A C=DATA   S=_DATA          G=DGROUP  M=FILES2     ACBP=48
 0662:042C 0000 C=DATA   S=_DATA          G=DGROUP  M=F_LXMUL    ACBP=48
 0662:042C 0000 C=DATA   S=_DATA          G=DGROUP  M=GETDATE    ACBP=48
 0662:042C 0000 C=DATA   S=_DATA          G=DGROUP  M=H_LDIV     ACBP=48
 0662:042C 0000 C=DATA   S=_DATA          G=DGROUP  M=H_LLSH     ACBP=48
 0662:042C 0000 C=DATA   S=_DATA          G=DGROUP  M=H_LURSH    ACBP=48
 0662:042C 0000 C=DATA   S=_DATA          G=DGROUP  M=H_PADD     ACBP=48
 0662:042C 005B C=DATA   S=_DATA          G=DGROUP  M=IOERROR    ACBP=48
 0662:0488 0000 C=DATA   S=_DATA          G=DGROUP  M=ISATTY     ACBP=48
 0662:0488 0000 C=DATA   S=_DATA          G=DGROUP  M=LONGTOA    ACBP=48
 0662:0488 0000 C=DATA   S=_DATA          G=DGROUP  M=LSEEK      ACBP=48
 0662:0488 0000 C=DATA   S=_DATA          G=DGROUP  M=N_PCMP     ACBP=48
 0662:0488 0000 C=DATA   S=_DATA          G=DGROUP  M=SETUPIO    ACBP=48
 0662:0488 0002 C=DATA   S=_DATA          G=DGROUP  M=STKLEN     ACBP=48
 0662:048A 0067 C=DATA   S=_DATA          G=DGROUP  M=VPRINTER   ACBP=48
 0662:04F2 0000 C=DATA   S=_DATA          G=DGROUP  M=VRAM       ACBP=48
 0662:04F2 0002 C=DATA   S=_DATA          G=DGROUP  M=WSCROLL    ACBP=48
 0662:04F4 0000 C=DATA   S=_DATA          G=DGROUP  M=CPRINTF    ACBP=48
 0662:04F4 0018 C=DATA   S=_DATA          G=DGROUP  M=CRTINIT    ACBP=48
 0662:050C 0031 C=DATA   S=_DATA          G=DGROUP  M=CVTFAK     ACBP=48
 0662:053E 0000 C=DATA   S=_DATA          G=DGROUP  M=FARHEAP    ACBP=48
 0662:053E 0002 C=DATA   S=_DATA          G=DGROUP  M=FBRK       ACBP=48
 0662:0540 0000 C=DATA   S=_DATA          G=DGROUP  M=GETCH      ACBP=48
 0662:0540 0000 C=DATA   S=_DATA          G=DGROUP  M=GPTEXT     ACBP=48
 0662:0540 0002 C=DATA   S=_DATA          G=DGROUP  M=KBHIT      ACBP=48
 0662:0542 0000 C=DATA   S=_DATA          G=DGROUP  M=MOVETEXT   ACBP=48
 0662:0542 0000 C=DATA   S=_DATA          G=DGROUP  M=PUTCH      ACBP=48
 0662:0542 0000 C=DATA   S=_DATA          G=DGROUP  M=REALCVT    ACBP=48
 0662:0542 0000 C=DATA   S=_DATA          G=DGROUP  M=SCREEN     ACBP=48
 0662:0542 0000 C=DATA   S=_DATA          G=DGROUP  M=SCROLL     ACBP=48
 0662:0542 0000 C=DATA   S=_DATA          G=DGROUP  M=SETBLOCK   ACBP=48
 0662:0542 0000 C=DATA   S=_DATA          G=DGROUP  M=SETJMP     ACBP=48
 0662:0542 0000 C=DATA   S=_DATA          G=DGROUP  M=WHEREXY    ACBP=48
 0662:0542 0000 C=DATA   S=_DATA          G=DGROUP  M=FFLUSH     ACBP=48
 0662:0542 0000 C=DATA   S=_DATA          G=DGROUP  M=FLUSHALL   ACBP=48
 0662:0542 0000 C=DATA   S=_DATA          G=DGROUP  M=FSEEK      ACBP=48
 0662:0542 0000 C=DATA   S=_DATA          G=DGROUP  M=MEMCPY     ACBP=48
 0662:0542 0000 C=DATA   S=_DATA          G=DGROUP  M=PRINTF     ACBP=48
 0662:0542 0001 C=DATA   S=_DATA          G=DGROUP  M=PUTC       ACBP=48
 0662:0544 0004 C=DATA   S=_DATA          G=DGROUP  M=SETVBUF    ACBP=48
 0662:0548 0000 C=DATA   S=_DATA          G=DGROUP  M=SPRINTF    ACBP=48
 0662:0548 0000 C=DATA   S=_DATA          G=DGROUP  M=WRITE      ACBP=48
 0662:0548 0000 C=DATA   S=_DATA          G=DGROUP  M=WRITEA     ACBP=48
 0662:0548 0000 C=DATA   S=_DATA          G=DGROUP  M=XFFLUSH    ACBP=48
 0662:0548 0000 C=DATA   S=_CVTSEG        G=DGROUP  M=c0.ASM     ACBP=48
 0662:0548 0002 C=DATA   S=_CVTSEG        G=DGROUP  M=CVTFAK     ACBP=48
 0662:054A 0000 C=DATA   S=_CVTSEG        G=DGROUP  M=REALCVT    ACBP=48
 0662:054A 0000 C=DATA   S=_SCNSEG        G=DGROUP  M=c0.ASM     ACBP=48
 0662:054A 0006 C=DATA   S=_SCNSEG        G=DGROUP  M=CVTFAK     ACBP=48
 0662:0550 0000 C=CONST  S=_CONST         G=DGROUP  M=c0.ASM     ACBP=48
 0662:0550 0000 C=INITDATA S=_INIT_         G=DGROUP  M=c0.ASM     ACBP=48
 0662:0550 0006 C=INITDATA S=_INIT_         G=DGROUP  M=SETUPIO    ACBP=48
 0662:0556 0006 C=INITDATA S=_INIT_         G=DGROUP  M=CRTINIT    ACBP=48
 0662:055C 0000 C=INITDATA S=_INITEND_      G=DGROUP  M=c0.ASM     ACBP=28
 0662:055C 0000 C=EXITDATA S=_EXIT_         G=DGROUP  M=c0.ASM     ACBP=48
 0662:055C 0000 C=EXITDATA S=_EXITEND_      G=DGROUP  M=c0.ASM     ACBP=28
 0662:055C 0000 C=BSS    S=_BSS           G=DGROUP  M=c0.ASM     ACBP=48
 0662:055C 8944 C=BSS    S=_BSS           G=DGROUP  M=test.c     ACBP=48
 0662:8EA0 0001 C=BSS    S=_BSS           G=DGROUP  M=os_cpu_c.c ACBP=48
 0662:8EA2 001B C=BSS    S=_BSS           G=DGROUP  M=pc.c       ACBP=48
 0662:8EBE 0C24 C=BSS    S=_BSS           G=DGROUP  M=ucos_ii.c  ACBP=48
 0662:9AE2 0080 C=BSS    S=_BSS           G=DGROUP  M=ATEXIT     ACBP=48
 0662:9B62 0000 C=BSS    S=_BSS           G=DGROUP  M=IOERROR    ACBP=48
 0662:9B62 0000 C=BSS    S=_BSS           G=DGROUP  M=ISATTY     ACBP=48
 0662:9B62 0000 C=BSS    S=_BSS           G=DGROUP  M=LONGTOA    ACBP=48
 0662:9B62 0000 C=BSS    S=_BSS           G=DGROUP  M=LSEEK      ACBP=48
 0662:9B62 0000 C=BSS    S=_BSS           G=DGROUP  M=SETUPIO    ACBP=48
 0662:9B62 0000 C=BSS    S=_BSS           G=DGROUP  M=VPRINTER   ACBP=48
 0662:9B62 0000 C=BSS    S=_BSS           G=DGROUP  M=VRAM       ACBP=48
 0662:9B62 0000 C=BSS    S=_BSS           G=DGROUP  M=CRTINIT    ACBP=48
 0662:9B62 0000 C=BSS    S=_BSS           G=DGROUP  M=GETCH      ACBP=48
 0662:9B62 0000 C=BSS    S=_BSS           G=DGROUP  M=KBHIT      ACBP=48
 0662:9B62 0000 C=BSS    S=_BSS           G=DGROUP  M=SETBLOCK   ACBP=48
 0662:9B62 0000 C=BSS    S=_BSS           G=DGROUP  M=SETJMP     ACBP=48
 0662:9B62 0000 C=BSS    S=_BSS           G=DGROUP  M=MEMCPY     ACBP=48
 0662:9B62 0001 C=BSS    S=_BSS           G=DGROUP  M=PUTC       ACBP=48
 0662:9B64 0000 C=BSS    S=_BSS           G=DGROUP  M=WRITEA     ACBP=48
 0662:9B64 0000 C=BSSEND S=_BSSEND        G=DGROUP  M=c0.ASM     ACBP=28
 1019:0000 0080 C=STACK  S=_STACK         G=(none)  M=c0.ASM     ACBP=74

  Address         Publics by Name

 0662:0000 idle  DATASEG@
 0000:0291 idle  DGROUP@
 0000:0395 idle  F_LDIV@
 0000:03A4 idle  F_LMOD@
 0000:039C       F_LUDIV@
 0000:03AC idle  F_LUMOD@
 0000:0443       F_LXLSH@
 0000:0355       F_LXMUL@
 0000:0464       F_LXURSH@
 0000:0485 idle  F_PADD@
 0000:04B4 idle  F_PSUB@
 0000:0395 idle  LDIV@
 0000:03A4 idle  LMOD@
 0000:039C idle  LUDIV@
 0000:03AC idle  LUMOD@
 0000:0443 idle  LXLSH@
 0000:0355 idle  LXMUL@
 0000:0464 idle  LXURSH@
 0000:0392 idle  N_LDIV@
 0000:03A1 idle  N_LMOD@
 0000:0399 idle  N_LUDIV@
 0000:03A9 idle  N_LUMOD@
 0000:0440       N_LXLSH@
 0000:0461 idle  N_LXURSH@
 0000:0482       N_PADD@
 0000:0609       N_PCMP@
 0000:04B1 idle  N_PSUB@
 0000:0485 idle  PADD@
 0000:04B4 idle  PSUB@
 0000:027A       _abort
 0251:021B idle  _ArgumentSet
 0000:0295 idle  _atexit
 0000:0D90 idle  _cprintf
 0662:1970       _CtxSwMessage
 0662:0094       _CtxSwMessageTop
 0662:1968 idle  _debugMessage
 0662:0096 idle  _debugMessTop
 0662:0503       _directvideo
 0662:007F       _errno
 0000:031A       _exit
 0000:10B0 idle  _farfree
 0000:11C4 idle  _farmalloc
 0000:1328 idle  _farrealloc
 0000:1ABD       _fflush
 0000:1B8A       _flushall
 0000:1E09 idle  _fputc
 0000:1F9E idle  _fputchar
 0000:10B0       _free
 0000:1C4E       _fseek
 0000:1CCE idle  _ftell
 0000:14E2       _getch
 0000:14FE idle  _getche
 0000:036C       _getdate
 02DE:00BA idle  _getPrioHightRdy
 0000:1540       _gettext
 0000:037F       _gettime
 0000:052D       _isatty
 0000:15EC       _kbhit
 0000:1A5D       _longjmp
 0000:05E0       _lseek
 0251:000A       _main
 0000:11BA       _malloc
 0000:1DAE       _memcpy
 0000:15FE       _movetext
 0662:9A9E idle  _OSCPUUsage
 027C:0024       _OSCtxSw
 0662:9ADE       _OSCtxSwCtr
 0662:9ADA idle  _OSEventFreeList
 0662:9AC6 idle  _OSEventTbl
 02DE:098A idle  _OSFlagAccept
 02DE:0ABC idle  _OSFlagCreate
 02DE:0B34 idle  _OSFlagDel
 0662:9A9F idle  _OSFlagFreeList
 02DE:0C76 idle  _OSFlagPend
 02DE:0ED0 idle  _OSFlagPost
 02DE:1070 idle  _OSFlagQuery
 0662:9AA3 idle  _OSFlagTbl
 0662:9687 idle  _OSIdleCtr
 0662:9A9A idle  _OSIdleCtrMax
 0662:9A96 idle  _OSIdleCtrRun
 02DE:000F       _OSInit
 0289:000C       _OSInitHookBegin
 0289:000D       _OSInitHookEnd
 027C:005F       _OSIntCtxSw
 02DE:0042 idle  _OSIntEnter
 02DE:012F       _OSIntExit
 0662:9693 idle  _OSIntExitY
 0662:9694       _OSIntNesting
 0662:9692 idle  _OSLockNesting
 0662:00F6 idle  _OSMapTbl
 02DE:1300 idle  _OSMboxAccept
 02DE:134B idle  _OSMboxCreate
 02DE:13C0 idle  _OSMboxDel
 02DE:14DE idle  _OSMboxPend
 02DE:15E0 idle  _OSMboxPost
 02DE:1658 idle  _OSMboxPostOpt
 02DE:16FB idle  _OSMboxQuery
 02DE:1789 idle  _OSMemCreate
 0662:8F5A idle  _OSMemFreeList
 02DE:18D4 idle  _OSMemGet
 02DE:1952 idle  _OSMemPut
 02DE:19C2 idle  _OSMemQuery
 0662:8EF6 idle  _OSMemTbl
 02DE:1B0F idle  _OSMutexAccept
 02DE:1B9A idle  _OSMutexCreate
 02DE:1C80 idle  _OSMutexDel
 02DE:1DDA idle  _OSMutexPend
 02DE:1FC5 idle  _OSMutexPost
 02DE:214D idle  _OSMutexQuery
 0662:9691       _OSPrioCur
 0662:9690       _OSPrioHighRdy
 02DE:2202 idle  _OSQAccept
 02DE:22A2 idle  _OSQCreate
 02DE:23C5 idle  _OSQDel
 02DE:2542 idle  _OSQFlush
 0662:8EF2 idle  _OSQFreeList
 02DE:259A idle  _OSQPend
 02DE:26E0 idle  _OSQPost
 02DE:27A8 idle  _OSQPostFront
 02DE:286A idle  _OSQPostOpt
 02DE:29A8 idle  _OSQQuery
 0662:8EC2 idle  _OSQTbl
 0662:968F idle  _OSRdyGrp
 0662:968D idle  _OSRdyTbl
 0662:968C       _OSRunning
 02DE:01BD idle  _OSSchedLock
 02DE:01D3 idle  _OSSchedUnlock
 02DE:2ACD idle  _OSSemAccept
 02DE:2AFF idle  _OSSemCreate
 02DE:2B73 idle  _OSSemDel
 02DE:2C91 idle  _OSSemPend
 02DE:2D41 idle  _OSSemPost
 02DE:2D9B idle  _OSSemQuery
 02DE:0200       _OSStart
 027C:0006       _OSStartHighRdy
 02DE:0232 idle  _OSStatInit
 0662:9A95 idle  _OSStatRdy
 02DE:2E21 idle  _OSTaskChangePrio
 02DE:2FED       _OSTaskCreate
 02DE:30A2 idle  _OSTaskCreateExt
 0289:000E       _OSTaskCreateHook
 0662:968B idle  _OSTaskCtr
 02DE:3192 idle  _OSTaskDel
 0289:0013       _OSTaskDelHook
 02DE:3371 idle  _OSTaskDelReq
 0289:0018       _OSTaskIdleHook
 0662:9287 idle  _OSTaskIdleStk
 02DE:35EF idle  _OSTaskQuery
 02DE:33DD idle  _OSTaskResume
 0289:0019       _OSTaskStatHook
 0662:9695 idle  _OSTaskStatStk
 02DE:345C idle  _OSTaskStkChk
 0289:001A       _OSTaskStkInit
 0289:0100 idle  _OSTaskStkInit_FPE_x86
 02DE:3541 idle  _OSTaskSuspend
 0289:01DB       _OSTaskSwHook
 0662:9283       _OSTCBCur
 0662:927F idle  _OSTCBFreeList
 0662:927B       _OSTCBHighRdy
 0289:01DC       _OSTCBInitHook
 0662:9277       _OSTCBList
 0662:9243       _OSTCBPrioTbl
 0662:8F5E idle  _OSTCBTbl
 0662:8EA0       _OSTickDOSCtr
 027C:008C       _OSTickISR
 0662:8EBE       _OSTime
 02DE:365D       _OSTimeDly
 02DE:36A4 idle  _OSTimeDlyHMSM
 02DE:3793 idle  _OSTimeDlyResume
 02DE:380B       _OSTimeGet
 02DE:382A       _OSTimeSet
 02DE:026D       _OSTimeTick
 0289:01E1       _OSTimeTickHook
 0662:00FE idle  _OSUnMapTbl
 02DE:0306 idle  _OSVersion
 02DE:030A idle  _OS_Dummy
 02DE:030B idle  _OS_EventTaskRdy
 02DE:03D5 idle  _OS_EventTaskWait
 02DE:0442 idle  _OS_EventTO
 02DE:0496 idle  _OS_EventWaitListInit
 02DE:1192 idle  _OS_FlagInit
 02DE:1251 idle  _OS_FlagUnlink
 02DE:1A6B idle  _OS_MemInit
 02DE:2A7D idle  _OS_QInit
 02DE:0690 idle  _OS_Sched
 02DE:0706 idle  _OS_TaskIdle
 02DE:072B idle  _OS_TaskStat
 02DE:07F7 idle  _OS_TCBInit
 02A7:0002 idle  _PC_DispChar
 02A7:0040 idle  _PC_DispClrCol
 02A7:0086 idle  _PC_DispClrRow
 02A7:00BF       _PC_DispClrScr
 02A7:00F0 idle  _PC_DispStr
 02A7:013F       _PC_DOSReturn
 02A7:0153       _PC_DOSSaveReturn
 02A7:01C1 idle  _PC_ElapsedInit
 02A7:01D5 idle  _PC_ElapsedStart
 02A7:01FB idle  _PC_ElapsedStop
 02A7:024C idle  _PC_GetDateTime
 02A7:029F       _PC_GetKey
 02A7:02C6       _PC_SetTickRate
 0662:8EA2 idle  _PC_TickISR
 02A7:0313 idle  _PC_VectGet
 02A7:034A       _PC_VectSet
 0662:196C idle  _printCtxSwMbox
 0251:01E1 idle  _printCtxSwMessage
 0000:1DD2       _printf
 02DE:0055 idle  _printTCBList
 0000:169B       _putch
 0000:1596       _puttext
 0000:1321 idle  _realloc
 0000:1A0B       _setblock
 0000:1A27       _setjmp
 0000:21B5       _setvbuf
 0000:2312       _sprintf
 0251:0148 idle  _Task
 0662:055C idle  _TaskData
 0662:0568 idle  _TaskPrintCtxSwStk
 0251:0061 idle  _TaskStart
 0662:0968 idle  _TaskStartStk
 0662:0D68 idle  _TaskStk
 0000:1522 idle  _ungetch
 0000:2334 idle  _vsprintf
 0000:1A9B idle  _wherex
 0000:1AAA idle  _wherey
 0000:1000 idle  __AHINCR
 0000:000C idle  __AHSHIFT
 0662:0264       __atexitcnt
 0662:9AE2       __atexittbl
 0000:1418       __brk
 0662:008B       __brklvl
 0662:006B idle  __C0argc
 0662:006D idle  __C0argv
 0000:0E72 idle  __c0crtinit
 0662:0071 idle  __C0environ
 0662:0541       __cChar
 0000:033B idle  __cexit
 0662:0540       __cFlag
 0000:016A       __checknull
 0000:0157       __cleanup
 0000:0C5E       __CPUTN
 0000:0E8F idle  __crtinit
 0000:0000  Abs  __cvtfak
 0000:0349 idle  __c_exit
 0662:042C idle  __doserrno
 0000:051B idle  __DOSERROR
 0662:042E idle  __dosErrorToSV
 0662:0075 idle  __envLng
 0662:0077 idle  __envseg
 0662:0079 idle  __envSize
 0000:0329       __exit
 0662:0266       __exitbuf
 0662:026A idle  __exitfopen
 0662:026E idle  __exitopen
 0000:1DED idle  __fputc
 0000:1FB2       __FPUTN
 0662:0087       __heapbase
 0662:008F       __heaptop
 0662:005B idle  __Int0Vector
 0662:005F idle  __Int4Vector
 0662:0063 idle  __Int5Vector
 0662:0067 idle  __Int6Vector
 0000:04E2       __IOERROR
 0000:053E       __LONGTOA
 0000:0293 idle  __MMODEL
 0662:0402       __nfile
 0000:14FB idle  __Ngetche
 0000:151F idle  __Nungetch
 0662:0404       __openfd
 0662:007D idle  __osmajor
 0662:007E idle  __osminor
 0662:007D idle  __osversion
 0662:007B       __psp
 0000:16B2       __REALCVT
 0662:0548       __RealCvtVector
 0000:01C0       __restorezero
 0000:1457       __sbrk
 0662:054A idle  __ScanTodVector
 0000:17EC       __SCREENIO
 0000:189F       __SCROLL
 0000:062A       __setupio
 0662:0081 idle  __StartTime
 0662:0488       __stklen
 0662:0272       __streams
 0000:016B       __terminate
 0000:0000 idle  __turboCrt
 0000:05C0 idle  __UTOA
 0000:1828       __VALIDATEXY
 0662:007D idle  __version
 0662:04F4       __video
 0000:0DE7       __VideoInt
 0000:06FC       __VPRINTER
 0000:0BBF       __VPTR
 0000:0BE4       __VRAM
 0000:1A91       __wherexy
 0000:24A6       __write
 0662:04F2       __wscroll
 0000:24E2       __xfflush
 0662:0085 idle  ___brklvl
 0000:0F70 idle  ___first
 0000:0F72 idle  ___last
 0000:0F74 idle  ___rover
 0000:2355       ___write

  Address         Publics by Value

 0000:0000 idle  __turboCrt
 0000:0000  Abs  __cvtfak
 0000:000C idle  __AHSHIFT
 0000:0157       __cleanup
 0000:016A       __checknull
 0000:016B       __terminate
 0000:01C0       __restorezero
 0000:027A       _abort
 0000:0291 idle  DGROUP@
 0000:0293 idle  __MMODEL
 0000:0295 idle  _atexit
 0000:031A       _exit
 0000:0329       __exit
 0000:033B idle  __cexit
 0000:0349 idle  __c_exit
 0000:0355       F_LXMUL@
 0000:0355 idle  LXMUL@
 0000:036C       _getdate
 0000:037F       _gettime
 0000:0392 idle  N_LDIV@
 0000:0395 idle  LDIV@
 0000:0395 idle  F_LDIV@
 0000:0399 idle  N_LUDIV@
 0000:039C       F_LUDIV@
 0000:039C idle  LUDIV@
 0000:03A1 idle  N_LMOD@
 0000:03A4 idle  F_LMOD@
 0000:03A4 idle  LMOD@
 0000:03A9 idle  N_LUMOD@
 0000:03AC idle  LUMOD@
 0000:03AC idle  F_LUMOD@
 0000:0440       N_LXLSH@
 0000:0443       F_LXLSH@
 0000:0443 idle  LXLSH@
 0000:0461 idle  N_LXURSH@
 0000:0464       F_LXURSH@
 0000:0464 idle  LXURSH@
 0000:0482       N_PADD@
 0000:0485 idle  F_PADD@
 0000:0485 idle  PADD@
 0000:04B1 idle  N_PSUB@
 0000:04B4 idle  F_PSUB@
 0000:04B4 idle  PSUB@
 0000:04E2       __IOERROR
 0000:051B idle  __DOSERROR
 0000:052D       _isatty
 0000:053E       __LONGTOA
 0000:05C0 idle  __UTOA
 0000:05E0       _lseek
 0000:0609       N_PCMP@
 0000:062A       __setupio
 0000:06FC       __VPRINTER
 0000:0BBF       __VPTR
 0000:0BE4       __VRAM
 0000:0C5E       __CPUTN
 0000:0D90 idle  _cprintf
 0000:0DE7       __VideoInt
 0000:0E72 idle  __c0crtinit
 0000:0E8F idle  __crtinit
 0000:0F70 idle  ___first
 0000:0F72 idle  ___last
 0000:0F74 idle  ___rover
 0000:1000 idle  __AHINCR
 0000:10B0       _free
 0000:10B0 idle  _farfree
 0000:11BA       _malloc
 0000:11C4 idle  _farmalloc
 0000:1321 idle  _realloc
 0000:1328 idle  _farrealloc
 0000:1418       __brk
 0000:1457       __sbrk
 0000:14E2       _getch
 0000:14FB idle  __Ngetche
 0000:14FE idle  _getche
 0000:151F idle  __Nungetch
 0000:1522 idle  _ungetch
 0000:1540       _gettext
 0000:1596       _puttext
 0000:15EC       _kbhit
 0000:15FE       _movetext
 0000:169B       _putch
 0000:16B2       __REALCVT
 0000:17EC       __SCREENIO
 0000:1828       __VALIDATEXY
 0000:189F       __SCROLL
 0000:1A0B       _setblock
 0000:1A27       _setjmp
 0000:1A5D       _longjmp
 0000:1A91       __wherexy
 0000:1A9B idle  _wherex
 0000:1AAA idle  _wherey
 0000:1ABD       _fflush
 0000:1B8A       _flushall
 0000:1C4E       _fseek
 0000:1CCE idle  _ftell
 0000:1DAE       _memcpy
 0000:1DD2       _printf
 0000:1DED idle  __fputc
 0000:1E09 idle  _fputc
 0000:1F9E idle  _fputchar
 0000:1FB2       __FPUTN
 0000:21B5       _setvbuf
 0000:2312       _sprintf
 0000:2334 idle  _vsprintf
 0000:2355       ___write
 0000:24A6       __write
 0000:24E2       __xfflush
 0251:000A       _main
 0251:0061 idle  _TaskStart
 0251:0148 idle  _Task
 0251:01E1 idle  _printCtxSwMessage
 0251:021B idle  _ArgumentSet
 027C:0006       _OSStartHighRdy
 027C:0024       _OSCtxSw
 027C:005F       _OSIntCtxSw
 027C:008C       _OSTickISR
 0289:000C       _OSInitHookBegin
 0289:000D       _OSInitHookEnd
 0289:000E       _OSTaskCreateHook
 0289:0013       _OSTaskDelHook
 0289:0018       _OSTaskIdleHook
 0289:0019       _OSTaskStatHook
 0289:001A       _OSTaskStkInit
 0289:0100 idle  _OSTaskStkInit_FPE_x86
 0289:01DB       _OSTaskSwHook
 0289:01DC       _OSTCBInitHook
 0289:01E1       _OSTimeTickHook
 02A7:0002 idle  _PC_DispChar
 02A7:0040 idle  _PC_DispClrCol
 02A7:0086 idle  _PC_DispClrRow
 02A7:00BF       _PC_DispClrScr
 02A7:00F0 idle  _PC_DispStr
 02A7:013F       _PC_DOSReturn
 02A7:0153       _PC_DOSSaveReturn
 02A7:01C1 idle  _PC_ElapsedInit
 02A7:01D5 idle  _PC_ElapsedStart
 02A7:01FB idle  _PC_ElapsedStop
 02A7:024C idle  _PC_GetDateTime
 02A7:029F       _PC_GetKey
 02A7:02C6       _PC_SetTickRate
 02A7:0313 idle  _PC_VectGet
 02A7:034A       _PC_VectSet
 02DE:000F       _OSInit
 02DE:0042 idle  _OSIntEnter
 02DE:0055 idle  _printTCBList
 02DE:00BA idle  _getPrioHightRdy
 02DE:012F       _OSIntExit
 02DE:01BD idle  _OSSchedLock
 02DE:01D3 idle  _OSSchedUnlock
 02DE:0200       _OSStart
 02DE:0232 idle  _OSStatInit
 02DE:026D       _OSTimeTick
 02DE:0306 idle  _OSVersion
 02DE:030A idle  _OS_Dummy
 02DE:030B idle  _OS_EventTaskRdy
 02DE:03D5 idle  _OS_EventTaskWait
 02DE:0442 idle  _OS_EventTO
 02DE:0496 idle  _OS_EventWaitListInit
 02DE:0690 idle  _OS_Sched
 02DE:0706 idle  _OS_TaskIdle
 02DE:072B idle  _OS_TaskStat
 02DE:07F7 idle  _OS_TCBInit
 02DE:098A idle  _OSFlagAccept
 02DE:0ABC idle  _OSFlagCreate
 02DE:0B34 idle  _OSFlagDel
 02DE:0C76 idle  _OSFlagPend
 02DE:0ED0 idle  _OSFlagPost
 02DE:1070 idle  _OSFlagQuery
 02DE:1192 idle  _OS_FlagInit
 02DE:1251 idle  _OS_FlagUnlink
 02DE:1300 idle  _OSMboxAccept
 02DE:134B idle  _OSMboxCreate
 02DE:13C0 idle  _OSMboxDel
 02DE:14DE idle  _OSMboxPend
 02DE:15E0 idle  _OSMboxPost
 02DE:1658 idle  _OSMboxPostOpt
 02DE:16FB idle  _OSMboxQuery
 02DE:1789 idle  _OSMemCreate
 02DE:18D4 idle  _OSMemGet
 02DE:1952 idle  _OSMemPut
 02DE:19C2 idle  _OSMemQuery
 02DE:1A6B idle  _OS_MemInit
 02DE:1B0F idle  _OSMutexAccept
 02DE:1B9A idle  _OSMutexCreate
 02DE:1C80 idle  _OSMutexDel
 02DE:1DDA idle  _OSMutexPend
 02DE:1FC5 idle  _OSMutexPost
 02DE:214D idle  _OSMutexQuery
 02DE:2202 idle  _OSQAccept
 02DE:22A2 idle  _OSQCreate
 02DE:23C5 idle  _OSQDel
 02DE:2542 idle  _OSQFlush
 02DE:259A idle  _OSQPend
 02DE:26E0 idle  _OSQPost
 02DE:27A8 idle  _OSQPostFront
 02DE:286A idle  _OSQPostOpt
 02DE:29A8 idle  _OSQQuery
 02DE:2A7D idle  _OS_QInit
 02DE:2ACD idle  _OSSemAccept
 02DE:2AFF idle  _OSSemCreate
 02DE:2B73 idle  _OSSemDel
 02DE:2C91 idle  _OSSemPend
 02DE:2D41 idle  _OSSemPost
 02DE:2D9B idle  _OSSemQuery
 02DE:2E21 idle  _OSTaskChangePrio
 02DE:2FED       _OSTaskCreate
 02DE:30A2 idle  _OSTaskCreateExt
 02DE:3192 idle  _OSTaskDel
 02DE:3371 idle  _OSTaskDelReq
 02DE:33DD idle  _OSTaskResume
 02DE:345C idle  _OSTaskStkChk
 02DE:3541 idle  _OSTaskSuspend
 02DE:35EF idle  _OSTaskQuery
 02DE:365D       _OSTimeDly
 02DE:36A4 idle  _OSTimeDlyHMSM
 02DE:3793 idle  _OSTimeDlyResume
 02DE:380B       _OSTimeGet
 02DE:382A       _OSTimeSet
 0662:0000 idle  DATASEG@
 0662:005B idle  __Int0Vector
 0662:005F idle  __Int4Vector
 0662:0063 idle  __Int5Vector
 0662:0067 idle  __Int6Vector
 0662:006B idle  __C0argc
 0662:006D idle  __C0argv
 0662:0071 idle  __C0environ
 0662:0075 idle  __envLng
 0662:0077 idle  __envseg
 0662:0079 idle  __envSize
 0662:007B       __psp
 0662:007D idle  __osversion
 0662:007D idle  __osmajor
 0662:007D idle  __version
 0662:007E idle  __osminor
 0662:007F       _errno
 0662:0081 idle  __StartTime
 0662:0085 idle  ___brklvl
 0662:0087       __heapbase
 0662:008B       __brklvl
 0662:008F       __heaptop
 0662:0094       _CtxSwMessageTop
 0662:0096 idle  _debugMessTop
 0662:00F6 idle  _OSMapTbl
 0662:00FE idle  _OSUnMapTbl
 0662:0264       __atexitcnt
 0662:0266       __exitbuf
 0662:026A idle  __exitfopen
 0662:026E idle  __exitopen
 0662:0272       __streams
 0662:0402       __nfile
 0662:0404       __openfd
 0662:042C idle  __doserrno
 0662:042E idle  __dosErrorToSV
 0662:0488       __stklen
 0662:04F2       __wscroll
 0662:04F4       __video
 0662:0503       _directvideo
 0662:0540       __cFlag
 0662:0541       __cChar
 0662:0548       __RealCvtVector
 0662:054A idle  __ScanTodVector
 0662:055C idle  _TaskData
 0662:0568 idle  _TaskPrintCtxSwStk
 0662:0968 idle  _TaskStartStk
 0662:0D68 idle  _TaskStk
 0662:1968 idle  _debugMessage
 0662:196C idle  _printCtxSwMbox
 0662:1970       _CtxSwMessage
 0662:8EA0       _OSTickDOSCtr
 0662:8EA2 idle  _PC_TickISR
 0662:8EBE       _OSTime
 0662:8EC2 idle  _OSQTbl
 0662:8EF2 idle  _OSQFreeList
 0662:8EF6 idle  _OSMemTbl
 0662:8F5A idle  _OSMemFreeList
 0662:8F5E idle  _OSTCBTbl
 0662:9243       _OSTCBPrioTbl
 0662:9277       _OSTCBList
 0662:927B       _OSTCBHighRdy
 0662:927F idle  _OSTCBFreeList
 0662:9283       _OSTCBCur
 0662:9287 idle  _OSTaskIdleStk
 0662:9687 idle  _OSIdleCtr
 0662:968B idle  _OSTaskCtr
 0662:968C       _OSRunning
 0662:968D idle  _OSRdyTbl
 0662:968F idle  _OSRdyGrp
 0662:9690       _OSPrioHighRdy
 0662:9691       _OSPrioCur
 0662:9692 idle  _OSLockNesting
 0662:9693 idle  _OSIntExitY
 0662:9694       _OSIntNesting
 0662:9695 idle  _OSTaskStatStk
 0662:9A95 idle  _OSStatRdy
 0662:9A96 idle  _OSIdleCtrRun
 0662:9A9A idle  _OSIdleCtrMax
 0662:9A9E idle  _OSCPUUsage
 0662:9A9F idle  _OSFlagFreeList
 0662:9AA3 idle  _OSFlagTbl
 0662:9AC6 idle  _OSEventTbl
 0662:9ADA idle  _OSEventFreeList
 0662:9ADE       _OSCtxSwCtr
 0662:9AE2       __atexittbl

Program entry point at 0000:0000

