
 Start  Stop   Length Name               Class

 00000H 02D29H 02D2AH _TEXT              CODE
 02D2AH 031F2H 004C9H TEST_TEXT          CODE
 031F4H 032C9H 000D6H OS_CPU_A_TEXT      CODE
 032CAH 0349FH 001D6H OS_CPU_C_TEXT      CODE
 034A0H 0381CH 0037DH PC_TEXT            CODE
 0381DH 06F7BH 0375FH UCOS_II_TEXT       CODE
 06F80H 096F6H 02777H EMU_PROG           CODE
 09700H 09CC7H 005C8H E87_PROG           CODE
 09CD0H 09CD0H 00000H _FARDATA           FAR_DATA
 09CD0H 09CD0H 00000H _FARBSS            FAR_BSS
 09CD0H 09CD0H 00000H _OVERLAY_          OVRINFO
 09CD0H 09CD0H 00000H _1STUB_            STUBSEG
 09CD0H 0A519H 0084AH _DATA              DATA
 0A51AH 0A51DH 00004H _CVTSEG            DATA
 0A51EH 0A523H 00006H _SCNSEG            DATA
 0A524H 0A524H 00000H _CONST             CONST
 0A524H 0A535H 00012H _INIT_             INITDATA
 0A536H 0A536H 00000H _INITEND_          INITDATA
 0A536H 0A53BH 00006H _EXIT_             EXITDATA
 0A53CH 0A53CH 00000H _EXITEND_          EXITDATA
 0A53CH 0DDC3H 03888H _BSS               BSS
 0DDC4H 0DDC4H 00000H _BSSEND            BSSEND
 0DDD0H 0DEDFH 00110H _STACK             STACK


Detailed map of segments

 0000:0000 0295 C=CODE   S=_TEXT          G=(none)  M=c0.ASM     ACBP=28
 0000:0295 0258 C=CODE   S=_TEXT          G=(none)  M=FPINIT     ACBP=28
 0000:04ED 0000 C=CODE   S=_TEXT          G=(none)  M=E87TRAP    ACBP=28
 0000:04ED 0000 C=CODE   S=_TEXT          G=(none)  M=PROTFLAG   ACBP=28
 0000:04ED 0000 C=CODE   S=_TEXT          G=(none)  M=DEFLT87    ACBP=28
 0000:04ED 01BD C=CODE   S=_TEXT          G=(none)  M=REALCVT    ACBP=28
 0000:06AA 020C C=CODE   S=_TEXT          G=(none)  M=XCVT       ACBP=28
 0000:08B6 00B1 C=CODE   S=_TEXT          G=(none)  M=FPERR      ACBP=28
 0000:0967 00C9 C=CODE   S=_TEXT          G=(none)  M=_POW10     ACBP=28
 0000:0A30 000B C=CODE   S=_TEXT          G=(none)  M=POW10D     ACBP=28
 0000:0A3B 002D C=CODE   S=_TEXT          G=(none)  M=ATEXIT     ACBP=28
 0000:0A68 0093 C=CODE   S=_TEXT          G=(none)  M=EXIT       ACBP=28
 0000:0AFB 0000 C=CODE   S=_TEXT          G=(none)  M=FILES      ACBP=28
 0000:0AFB 0000 C=CODE   S=_TEXT          G=(none)  M=FILES2     ACBP=28
 0000:0AFB 0000 C=CODE   S=_TEXT          G=(none)  M=FPSTKLEN   ACBP=28
 0000:0AFB 0017 C=CODE   S=_TEXT          G=(none)  M=F_LXMUL    ACBP=28
 0000:0B12 0026 C=CODE   S=_TEXT          G=(none)  M=GETDATE    ACBP=28
 0000:0B38 00AE C=CODE   S=_TEXT          G=(none)  M=H_LDIV     ACBP=28
 0000:0BE6 0021 C=CODE   S=_TEXT          G=(none)  M=H_LLSH     ACBP=28
 0000:0C07 0021 C=CODE   S=_TEXT          G=(none)  M=H_LURSH    ACBP=28
 0000:0C28 0060 C=CODE   S=_TEXT          G=(none)  M=H_PADD     ACBP=28
 0000:0C88 004B C=CODE   S=_TEXT          G=(none)  M=IOERROR    ACBP=28
 0000:0CD3 0011 C=CODE   S=_TEXT          G=(none)  M=ISATTY     ACBP=28
 0000:0CE4 00A2 C=CODE   S=_TEXT          G=(none)  M=LONGTOA    ACBP=28
 0000:0D86 0029 C=CODE   S=_TEXT          G=(none)  M=LSEEK      ACBP=28
 0000:0DAF 0017 C=CODE   S=_TEXT          G=(none)  M=N_LXMUL    ACBP=28
 0000:0DC6 0021 C=CODE   S=_TEXT          G=(none)  M=N_PCMP     ACBP=28
 0000:0DE7 0037 C=CODE   S=_TEXT          G=(none)  M=RAND       ACBP=28
 0000:0E1E 00BA C=CODE   S=_TEXT          G=(none)  M=SETUPIO    ACBP=28
 0000:0ED8 0000 C=CODE   S=_TEXT          G=(none)  M=SIGDATA    ACBP=28
 0000:0ED8 0000 C=CODE   S=_TEXT          G=(none)  M=STKLEN     ACBP=28
 0000:0ED8 04DB C=CODE   S=_TEXT          G=(none)  M=VPRINTER   ACBP=28
 0000:13B3 009F C=CODE   S=_TEXT          G=(none)  M=VRAM       ACBP=28
 0000:1452 0000 C=CODE   S=_TEXT          G=(none)  M=WSCROLL    ACBP=28
 0000:1452 014E C=CODE   S=_TEXT          G=(none)  M=CPRINTF    ACBP=28
 0000:15A0 01A5 C=CODE   S=_TEXT          G=(none)  M=CRTINIT    ACBP=28
 0000:1745 001F C=CODE   S=_TEXT          G=(none)  M=CVTFAK     ACBP=28
 0000:1764 0432 C=CODE   S=_TEXT          G=(none)  M=FARHEAP    ACBP=28
 0000:1B96 0140 C=CODE   S=_TEXT          G=(none)  M=FBRK       ACBP=28
 0000:1CD6 005E C=CODE   S=_TEXT          G=(none)  M=GETCH      ACBP=28
 0000:1D34 00AC C=CODE   S=_TEXT          G=(none)  M=GPTEXT     ACBP=28
 0000:1DE0 0012 C=CODE   S=_TEXT          G=(none)  M=KBHIT      ACBP=28
 0000:1DF2 009D C=CODE   S=_TEXT          G=(none)  M=MOVETEXT   ACBP=28
 0000:1E8F 0017 C=CODE   S=_TEXT          G=(none)  M=PUTCH      ACBP=28
 0000:1EA6 0004 C=CODE   S=_TEXT          G=(none)  M=REALCVT    ACBP=28
 0000:1EAA 01C7 C=CODE   S=_TEXT          G=(none)  M=SCREEN     ACBP=28
 0000:2071 018E C=CODE   S=_TEXT          G=(none)  M=SCROLL     ACBP=28
 0000:21FF 001C C=CODE   S=_TEXT          G=(none)  M=SETBLOCK   ACBP=28
 0000:221B 006A C=CODE   S=_TEXT          G=(none)  M=SETJMP     ACBP=28
 0000:2285 002C C=CODE   S=_TEXT          G=(none)  M=WHEREXY    ACBP=28
 0000:22B1 00CD C=CODE   S=_TEXT          G=(none)  M=FFLUSH     ACBP=28
 0000:237E 0042 C=CODE   S=_TEXT          G=(none)  M=FLUSHALL   ACBP=28
 0000:23C0 001C C=CODE   S=_TEXT          G=(none)  M=FPRINTF    ACBP=28
 0000:23DC 01E2 C=CODE   S=_TEXT          G=(none)  M=FSEEK      ACBP=28
 0000:25BE 0024 C=CODE   S=_TEXT          G=(none)  M=MEMCPY     ACBP=28
 0000:25E2 001B C=CODE   S=_TEXT          G=(none)  M=PRINTF     ACBP=28
 0000:25FD 03C8 C=CODE   S=_TEXT          G=(none)  M=PUTC       ACBP=28
 0000:29C5 011D C=CODE   S=_TEXT          G=(none)  M=SETVBUF    ACBP=28
 0000:2AE2 0083 C=CODE   S=_TEXT          G=(none)  M=SPRINTF    ACBP=28
 0000:2B65 0151 C=CODE   S=_TEXT          G=(none)  M=WRITE      ACBP=28
 0000:2CB6 003C C=CODE   S=_TEXT          G=(none)  M=WRITEA     ACBP=28
 0000:2CF2 0038 C=CODE   S=_TEXT          G=(none)  M=XFFLUSH    ACBP=28
 02D2:000A 04C9 C=CODE   S=TEST_TEXT      G=(none)  M=test.c     ACBP=28
 031F:0004 00D6 C=CODE   S=OS_CPU_A_TEXT  G=(none)  M=\SOFTWARE\uCOS-II\Ix86L\BC45\OS_CPU_A.ASM ACBP=48
 032C:000A 01D6 C=CODE   S=OS_CPU_C_TEXT  G=(none)  M=os_cpu_c.c ACBP=28
 034A:0000 037D C=CODE   S=PC_TEXT        G=(none)  M=pc.c       ACBP=28
 0381:000D 375F C=CODE   S=UCOS_II_TEXT   G=(none)  M=ucos_ii.c  ACBP=28
 06F8:0000 0000 C=CODE   S=EMU_PROG       G=(none)  M=FPINIT     ACBP=68
 06F8:0000 2777 C=CODE   S=EMU_PROG       G=(none)  M=EMU086     ACBP=68
 0970:0000 0000 C=CODE   S=E87_PROG       G=(none)  M=FPINIT     ACBP=68
 0970:0000 03E3 C=CODE   S=E87_PROG       G=(none)  M=EMU087     ACBP=68
 0970:03F0 01D8 C=CODE   S=E87_PROG       G=(none)  M=E87TRAP    ACBP=68
 09CD:0000 0000 C=FAR_DATA S=_FARDATA       G=(none)  M=c0.ASM     ACBP=68
 09CD:0000 0000 C=FAR_BSS S=_FARBSS        G=(none)  M=c0.ASM     ACBP=68
 09CD:0000 0000 C=OVRINFO S=_OVERLAY_      G=(none)  M=c0.ASM     ACBP=68
 09CD:0000 0000 C=STUBSEG S=_1STUB_        G=(none)  M=c0.ASM     ACBP=68
 09CD:0000 0093 C=DATA   S=_DATA          G=DGROUP  M=c0.ASM     ACBP=68
 09CD:0094 0274 C=DATA   S=_DATA          G=DGROUP  M=test.c     ACBP=48
 09CD:0308 0000 C=DATA   S=_DATA          G=DGROUP  M=\SOFTWARE\uCOS-II\Ix86L\BC45\OS_CPU_A.ASM ACBP=48
 09CD:0308 0000 C=DATA   S=_DATA          G=DGROUP  M=os_cpu_c.c ACBP=48
 09CD:0308 001F C=DATA   S=_DATA          G=DGROUP  M=pc.c       ACBP=48
 09CD:0328 0108 C=DATA   S=_DATA          G=DGROUP  M=ucos_ii.c  ACBP=48
 09CD:0430 0002 C=DATA   S=_DATA          G=DGROUP  M=FPINIT     ACBP=68
 09CD:0440 0000 C=DATA   S=_DATA          G=DGROUP  M=E87TRAP    ACBP=68
 09CD:0440 0003 C=DATA   S=_DATA          G=DGROUP  M=PROTFLAG   ACBP=48
 09CD:0444 0002 C=DATA   S=_DATA          G=DGROUP  M=DEFLT87    ACBP=48
 09CD:0446 0000 C=DATA   S=_DATA          G=DGROUP  M=REALCVT    ACBP=48
 09CD:0446 0000 C=DATA   S=_DATA          G=DGROUP  M=XCVT       ACBP=48
 09CD:0446 009A C=DATA   S=_DATA          G=DGROUP  M=FPERR      ACBP=48
 09CD:04E0 0080 C=DATA   S=_DATA          G=DGROUP  M=_POW10     ACBP=48
 09CD:0560 0000 C=DATA   S=_DATA          G=DGROUP  M=POW10D     ACBP=48
 09CD:0560 0002 C=DATA   S=_DATA          G=DGROUP  M=ATEXIT     ACBP=48
 09CD:0562 000C C=DATA   S=_DATA          G=DGROUP  M=EXIT       ACBP=48
 09CD:056E 0190 C=DATA   S=_DATA          G=DGROUP  M=FILES      ACBP=48
 09CD:06FE 002A C=DATA   S=_DATA          G=DGROUP  M=FILES2     ACBP=48
 09CD:0728 0002 C=DATA   S=_DATA          G=DGROUP  M=FPSTKLEN   ACBP=48
 09CD:072A 0000 C=DATA   S=_DATA          G=DGROUP  M=F_LXMUL    ACBP=48
 09CD:072A 0000 C=DATA   S=_DATA          G=DGROUP  M=GETDATE    ACBP=48
 09CD:072A 0000 C=DATA   S=_DATA          G=DGROUP  M=H_LDIV     ACBP=48
 09CD:072A 0000 C=DATA   S=_DATA          G=DGROUP  M=H_LLSH     ACBP=48
 09CD:072A 0000 C=DATA   S=_DATA          G=DGROUP  M=H_LURSH    ACBP=48
 09CD:072A 0000 C=DATA   S=_DATA          G=DGROUP  M=H_PADD     ACBP=48
 09CD:072A 005B C=DATA   S=_DATA          G=DGROUP  M=IOERROR    ACBP=48
 09CD:0786 0000 C=DATA   S=_DATA          G=DGROUP  M=ISATTY     ACBP=48
 09CD:0786 0000 C=DATA   S=_DATA          G=DGROUP  M=LONGTOA    ACBP=48
 09CD:0786 0000 C=DATA   S=_DATA          G=DGROUP  M=LSEEK      ACBP=48
 09CD:0786 0000 C=DATA   S=_DATA          G=DGROUP  M=N_LXMUL    ACBP=48
 09CD:0786 0000 C=DATA   S=_DATA          G=DGROUP  M=N_PCMP     ACBP=48
 09CD:0786 0004 C=DATA   S=_DATA          G=DGROUP  M=RAND       ACBP=48
 09CD:078A 0000 C=DATA   S=_DATA          G=DGROUP  M=SETUPIO    ACBP=48
 09CD:078A 0000 C=DATA   S=_DATA          G=DGROUP  M=SIGDATA    ACBP=48
 09CD:078A 0002 C=DATA   S=_DATA          G=DGROUP  M=STKLEN     ACBP=48
 09CD:078C 0067 C=DATA   S=_DATA          G=DGROUP  M=VPRINTER   ACBP=48
 09CD:07F4 0000 C=DATA   S=_DATA          G=DGROUP  M=VRAM       ACBP=48
 09CD:07F4 0002 C=DATA   S=_DATA          G=DGROUP  M=WSCROLL    ACBP=48
 09CD:07F6 0000 C=DATA   S=_DATA          G=DGROUP  M=CPRINTF    ACBP=48
 09CD:07F6 0018 C=DATA   S=_DATA          G=DGROUP  M=CRTINIT    ACBP=48
 09CD:080E 0031 C=DATA   S=_DATA          G=DGROUP  M=CVTFAK     ACBP=48
 09CD:0840 0000 C=DATA   S=_DATA          G=DGROUP  M=FARHEAP    ACBP=48
 09CD:0840 0002 C=DATA   S=_DATA          G=DGROUP  M=FBRK       ACBP=48
 09CD:0842 0000 C=DATA   S=_DATA          G=DGROUP  M=GETCH      ACBP=48
 09CD:0842 0000 C=DATA   S=_DATA          G=DGROUP  M=GPTEXT     ACBP=48
 09CD:0842 0002 C=DATA   S=_DATA          G=DGROUP  M=KBHIT      ACBP=48
 09CD:0844 0000 C=DATA   S=_DATA          G=DGROUP  M=MOVETEXT   ACBP=48
 09CD:0844 0000 C=DATA   S=_DATA          G=DGROUP  M=PUTCH      ACBP=48
 09CD:0844 0000 C=DATA   S=_DATA          G=DGROUP  M=REALCVT    ACBP=48
 09CD:0844 0000 C=DATA   S=_DATA          G=DGROUP  M=SCREEN     ACBP=48
 09CD:0844 0000 C=DATA   S=_DATA          G=DGROUP  M=SCROLL     ACBP=48
 09CD:0844 0000 C=DATA   S=_DATA          G=DGROUP  M=SETBLOCK   ACBP=48
 09CD:0844 0000 C=DATA   S=_DATA          G=DGROUP  M=SETJMP     ACBP=48
 09CD:0844 0000 C=DATA   S=_DATA          G=DGROUP  M=WHEREXY    ACBP=48
 09CD:0844 0000 C=DATA   S=_DATA          G=DGROUP  M=FFLUSH     ACBP=48
 09CD:0844 0000 C=DATA   S=_DATA          G=DGROUP  M=FLUSHALL   ACBP=48
 09CD:0844 0000 C=DATA   S=_DATA          G=DGROUP  M=FPRINTF    ACBP=48
 09CD:0844 0000 C=DATA   S=_DATA          G=DGROUP  M=FSEEK      ACBP=48
 09CD:0844 0000 C=DATA   S=_DATA          G=DGROUP  M=MEMCPY     ACBP=48
 09CD:0844 0000 C=DATA   S=_DATA          G=DGROUP  M=PRINTF     ACBP=48
 09CD:0844 0001 C=DATA   S=_DATA          G=DGROUP  M=PUTC       ACBP=48
 09CD:0846 0004 C=DATA   S=_DATA          G=DGROUP  M=SETVBUF    ACBP=48
 09CD:084A 0000 C=DATA   S=_DATA          G=DGROUP  M=SPRINTF    ACBP=48
 09CD:084A 0000 C=DATA   S=_DATA          G=DGROUP  M=WRITE      ACBP=48
 09CD:084A 0000 C=DATA   S=_DATA          G=DGROUP  M=WRITEA     ACBP=48
 09CD:084A 0000 C=DATA   S=_DATA          G=DGROUP  M=XFFLUSH    ACBP=48
 09CD:084A 0000 C=DATA   S=_CVTSEG        G=DGROUP  M=c0.ASM     ACBP=48
 09CD:084A 0002 C=DATA   S=_CVTSEG        G=DGROUP  M=REALCVT    ACBP=48
 09CD:084C 0002 C=DATA   S=_CVTSEG        G=DGROUP  M=CVTFAK     ACBP=48
 09CD:084E 0000 C=DATA   S=_CVTSEG        G=DGROUP  M=REALCVT    ACBP=48
 09CD:084E 0000 C=DATA   S=_SCNSEG        G=DGROUP  M=c0.ASM     ACBP=48
 09CD:084E 0006 C=DATA   S=_SCNSEG        G=DGROUP  M=CVTFAK     ACBP=48
 09CD:0854 0000 C=CONST  S=_CONST         G=DGROUP  M=c0.ASM     ACBP=48
 09CD:0854 0000 C=INITDATA S=_INIT_         G=DGROUP  M=c0.ASM     ACBP=48
 09CD:0854 0006 C=INITDATA S=_INIT_         G=DGROUP  M=FPINIT     ACBP=48
 09CD:085A 0006 C=INITDATA S=_INIT_         G=DGROUP  M=SETUPIO    ACBP=48
 09CD:0860 0006 C=INITDATA S=_INIT_         G=DGROUP  M=CRTINIT    ACBP=48
 09CD:0866 0000 C=INITDATA S=_INITEND_      G=DGROUP  M=c0.ASM     ACBP=28
 09CD:0866 0000 C=EXITDATA S=_EXIT_         G=DGROUP  M=c0.ASM     ACBP=48
 09CD:0866 0006 C=EXITDATA S=_EXIT_         G=DGROUP  M=FPINIT     ACBP=48
 09CD:086C 0000 C=EXITDATA S=_EXITEND_      G=DGROUP  M=c0.ASM     ACBP=28
 09CD:086C 0000 C=BSS    S=_BSS           G=DGROUP  M=c0.ASM     ACBP=48
 09CD:086C 2C0E C=BSS    S=_BSS           G=DGROUP  M=test.c     ACBP=48
 09CD:347A 0001 C=BSS    S=_BSS           G=DGROUP  M=os_cpu_c.c ACBP=48
 09CD:347C 001B C=BSS    S=_BSS           G=DGROUP  M=pc.c       ACBP=48
 09CD:3498 0BD6 C=BSS    S=_BSS           G=DGROUP  M=ucos_ii.c  ACBP=48
 09CD:406E 0000 C=BSS    S=_BSS           G=DGROUP  M=REALCVT    ACBP=48
 09CD:406E 0000 C=BSS    S=_BSS           G=DGROUP  M=XCVT       ACBP=48
 09CD:406E 0000 C=BSS    S=_BSS           G=DGROUP  M=_POW10     ACBP=48
 09CD:406E 0080 C=BSS    S=_BSS           G=DGROUP  M=ATEXIT     ACBP=48
 09CD:40EE 0000 C=BSS    S=_BSS           G=DGROUP  M=IOERROR    ACBP=48
 09CD:40EE 0000 C=BSS    S=_BSS           G=DGROUP  M=ISATTY     ACBP=48
 09CD:40EE 0000 C=BSS    S=_BSS           G=DGROUP  M=LONGTOA    ACBP=48
 09CD:40EE 0000 C=BSS    S=_BSS           G=DGROUP  M=LSEEK      ACBP=48
 09CD:40EE 0000 C=BSS    S=_BSS           G=DGROUP  M=SETUPIO    ACBP=48
 09CD:40EE 0004 C=BSS    S=_BSS           G=DGROUP  M=SIGDATA    ACBP=48
 09CD:40F2 0000 C=BSS    S=_BSS           G=DGROUP  M=VPRINTER   ACBP=48
 09CD:40F2 0000 C=BSS    S=_BSS           G=DGROUP  M=VRAM       ACBP=48
 09CD:40F2 0000 C=BSS    S=_BSS           G=DGROUP  M=CRTINIT    ACBP=48
 09CD:40F2 0000 C=BSS    S=_BSS           G=DGROUP  M=GETCH      ACBP=48
 09CD:40F2 0000 C=BSS    S=_BSS           G=DGROUP  M=KBHIT      ACBP=48
 09CD:40F2 0000 C=BSS    S=_BSS           G=DGROUP  M=SETBLOCK   ACBP=48
 09CD:40F2 0000 C=BSS    S=_BSS           G=DGROUP  M=SETJMP     ACBP=48
 09CD:40F2 0000 C=BSS    S=_BSS           G=DGROUP  M=MEMCPY     ACBP=48
 09CD:40F2 0001 C=BSS    S=_BSS           G=DGROUP  M=PUTC       ACBP=48
 09CD:40F4 0000 C=BSS    S=_BSS           G=DGROUP  M=WRITEA     ACBP=48
 09CD:40F4 0000 C=BSSEND S=_BSSEND        G=DGROUP  M=c0.ASM     ACBP=28
 0DDD:0000 0110 C=STACK  S=_STACK         G=(none)  M=c0.ASM     ACBP=74
 0DDD:0000 0080 C=STACK  S=_STACK         G=(none)  M=EMUVARS    ACBP=78

  Address         Publics by Name

 09CD:0000 idle  DATASEG@
 0000:0291 idle  DGROUP@
 06F8:2152       e086_Entry
 06F8:26E0       e086_Shortcut
 0970:0306       e087_Entry
 0970:03C6       e087_Shortcut
 0970:0430       e087_Trap
 0000:FE32 idle  FIARQQ
 0000:0E32 idle  FICRQQ
 0000:5C32  Abs  FIDRQQ
 0000:1632  Abs  FIERQQ
 0000:0632 idle  FISRQQ
 0000:A23D  Abs  FIWRQQ
 0000:4000 idle  FJARQQ
 0000:C000 idle  FJCRQQ
 0000:8000 idle  FJSRQQ
 0000:0B3B       F_LDIV@
 0000:0B4A idle  F_LMOD@
 0000:0B42       F_LUDIV@
 0000:0B52 idle  F_LUMOD@
 0000:0BE9       F_LXLSH@
 0000:0AFB       F_LXMUL@
 0000:0C0A       F_LXURSH@
 0000:0C2B idle  F_PADD@
 0000:0C5A idle  F_PSUB@
 0000:0B3B idle  LDIV@
 0000:0B4A idle  LMOD@
 0000:0B42 idle  LUDIV@
 0000:0B52 idle  LUMOD@
 0000:0BE9 idle  LXLSH@
 0000:0AFB idle  LXMUL@
 0000:0C0A idle  LXURSH@
 0000:0B38 idle  N_LDIV@
 0000:0B47 idle  N_LMOD@
 0000:0B3F idle  N_LUDIV@
 0000:0B4F idle  N_LUMOD@
 0000:0BE6       N_LXLSH@
 0000:0DAF       N_LXMUL@
 0000:0C07 idle  N_LXURSH@
 0000:0C28       N_PADD@
 0000:0DC6       N_PCMP@
 0000:0C57 idle  N_PSUB@
 0000:0C2B idle  PADD@
 0000:0C5A idle  PSUB@
 0000:027A       _abort
 0000:0A3B idle  _atexit
 0000:1584 idle  _cprintf
 09CD:0805       _directvideo
 09CD:007F       _errno
 0000:0AC0       _exit
 0000:18A4 idle  _farfree
 0000:19B8 idle  _farmalloc
 0000:1B1C idle  _farrealloc
 0000:22B1       _fflush
 0000:237E       _flushall
 0000:23C0       _fprintf
 0000:2619 idle  _fputc
 0000:27AE idle  _fputchar
 0000:18A4       _free
 0000:245E       _fseek
 0000:24DE idle  _ftell
 0000:1CD6       _getch
 0000:1CF2 idle  _getche
 0000:0B12       _getdate
 0000:1D34       _gettext
 0000:0B25       _gettime
 0000:0CD3       _isatty
 0000:1DE0       _kbhit
 0000:2251       _longjmp
 0000:0D86       _lseek
 02D2:000A       _main
 0000:19AE       _malloc
 0000:25BE       _memcpy
 0000:1DF2       _movetext
 09CD:402A       _OSCPUUsage
 031F:0022       _OSCtxSw
 09CD:406A       _OSCtxSwCtr
 09CD:4066 idle  _OSEventFreeList
 09CD:4052 idle  _OSEventTbl
 0381:08AF idle  _OSFlagAccept
 0381:09E1 idle  _OSFlagCreate
 0381:0A59 idle  _OSFlagDel
 09CD:402B idle  _OSFlagFreeList
 0381:0B9B idle  _OSFlagPend
 0381:0DF5 idle  _OSFlagPost
 0381:0F95 idle  _OSFlagQuery
 09CD:402F idle  _OSFlagTbl
 09CD:3C13 idle  _OSIdleCtr
 09CD:4026 idle  _OSIdleCtrMax
 09CD:4022 idle  _OSIdleCtrRun
 0381:000D       _OSInit
 032C:000A       _OSInitHookBegin
 032C:000B       _OSInitHookEnd
 031F:005D       _OSIntCtxSw
 0381:0045 idle  _OSIntEnter
 0381:0058       _OSIntExit
 09CD:3C1F idle  _OSIntExitY
 09CD:3C20       _OSIntNesting
 09CD:3C1E idle  _OSLockNesting
 09CD:0328 idle  _OSMapTbl
 0381:1225 idle  _OSMboxAccept
 0381:1270 idle  _OSMboxCreate
 0381:12E5 idle  _OSMboxDel
 0381:1403 idle  _OSMboxPend
 0381:1505 idle  _OSMboxPost
 0381:157D idle  _OSMboxPostOpt
 0381:1620 idle  _OSMboxQuery
 0381:16AE idle  _OSMemCreate
 09CD:3534 idle  _OSMemFreeList
 0381:17F9 idle  _OSMemGet
 0381:1877 idle  _OSMemPut
 0381:18E7 idle  _OSMemQuery
 09CD:34D0 idle  _OSMemTbl
 0381:1A34 idle  _OSMutexAccept
 0381:1ABF idle  _OSMutexCreate
 0381:1BA5 idle  _OSMutexDel
 0381:1CFF idle  _OSMutexPend
 0381:1EEA idle  _OSMutexPost
 0381:2072 idle  _OSMutexQuery
 09CD:3C1D       _OSPrioCur
 09CD:3C1C       _OSPrioHighRdy
 0381:2127 idle  _OSQAccept
 0381:21C7 idle  _OSQCreate
 0381:22EA idle  _OSQDel
 0381:2467 idle  _OSQFlush
 09CD:34CC idle  _OSQFreeList
 0381:24BF idle  _OSQPend
 0381:2605 idle  _OSQPost
 0381:26CD idle  _OSQPostFront
 0381:278F idle  _OSQPostOpt
 0381:28CD idle  _OSQQuery
 09CD:349C idle  _OSQTbl
 09CD:3C1B idle  _OSRdyGrp
 09CD:3C19 idle  _OSRdyTbl
 09CD:3C18       _OSRunning
 0381:00D3 idle  _OSSchedLock
 0381:00E9 idle  _OSSchedUnlock
 0381:29F2 idle  _OSSemAccept
 0381:2A24       _OSSemCreate
 0381:2A98 idle  _OSSemDel
 0381:2BB6       _OSSemPend
 0381:2C66       _OSSemPost
 0381:2CC0 idle  _OSSemQuery
 0381:0116       _OSStart
 031F:0004       _OSStartHighRdy
 0381:0175       _OSStatInit
 09CD:4021 idle  _OSStatRdy
 0381:2D46 idle  _OSTaskChangePrio
 0381:2F12       _OSTaskCreate
 0381:2FCF idle  _OSTaskCreateExt
 032C:000C       _OSTaskCreateHook
 09CD:3C17       _OSTaskCtr
 0381:30BF idle  _OSTaskDel
 032C:0011       _OSTaskDelHook
 0381:329E idle  _OSTaskDelReq
 032C:0016       _OSTaskIdleHook
 09CD:3813 idle  _OSTaskIdleStk
 0381:351C idle  _OSTaskQuery
 0381:330A idle  _OSTaskResume
 032C:0017       _OSTaskStatHook
 09CD:3C21 idle  _OSTaskStatStk
 0381:3389 idle  _OSTaskStkChk
 032C:0018       _OSTaskStkInit
 032C:00FE idle  _OSTaskStkInit_FPE_x86
 0381:346E idle  _OSTaskSuspend
 032C:01D9       _OSTaskSwHook
 09CD:380F       _OSTCBCur
 09CD:380B idle  _OSTCBFreeList
 09CD:3807       _OSTCBHighRdy
 032C:01DA       _OSTCBInitHook
 09CD:3803 idle  _OSTCBList
 09CD:37CF idle  _OSTCBPrioTbl
 09CD:3538 idle  _OSTCBTbl
 09CD:347A       _OSTickDOSCtr
 031F:008A       _OSTickISR
 09CD:3498 idle  _OSTime
 0381:358A       _OSTimeDly
 0381:35D1       _OSTimeDlyHMSM
 0381:36C0 idle  _OSTimeDlyResume
 0381:3738       _OSTimeGet
 0381:3757 idle  _OSTimeSet
 0381:01B0       _OSTimeTick
 032C:01DF       _OSTimeTickHook
 09CD:0330 idle  _OSUnMapTbl
 0381:023E       _OSVersion
 0381:0242 idle  _OS_Dummy
 0381:0243 idle  _OS_EventTaskRdy
 0381:030D idle  _OS_EventTaskWait
 0381:037A idle  _OS_EventTO
 0381:03CE idle  _OS_EventWaitListInit
 0381:10B7 idle  _OS_FlagInit
 0381:1176 idle  _OS_FlagUnlink
 0381:1990 idle  _OS_MemInit
 0381:29A2 idle  _OS_QInit
 0381:05C8 idle  _OS_Sched
 0381:062B idle  _OS_TaskIdle
 0381:0650 idle  _OS_TaskStat
 0381:071C idle  _OS_TCBInit
 034A:0000       _PC_DispChar
 034A:003E idle  _PC_DispClrCol
 034A:0084 idle  _PC_DispClrRow
 034A:00BD       _PC_DispClrScr
 034A:00EE       _PC_DispStr
 034A:013D       _PC_DOSReturn
 034A:0151       _PC_DOSSaveReturn
 034A:01BF idle  _PC_ElapsedInit
 034A:01D3 idle  _PC_ElapsedStart
 034A:01F9 idle  _PC_ElapsedStop
 034A:024A idle  _PC_GetDateTime
 034A:029D       _PC_GetKey
 034A:02C4       _PC_SetTickRate
 09CD:347C idle  _PC_TickISR
 034A:0311 idle  _PC_VectGet
 034A:0348       _PC_VectSet
 0000:0A30       _pow10
 0000:25E2       _printf
 0000:1E8F       _putch
 0000:1D8A       _puttext
 0000:0DF8       _rand
 09CD:086C idle  _RandomSem
 0000:1B15 idle  _realloc
 0000:21FF       _setblock
 0000:221B       _setjmp
 0000:29C5       _setvbuf
 0000:2B22       _sprintf
 0000:0DE7 idle  _srand
 02D2:0428 idle  _Task
 09CD:0870 idle  _TaskData
 02D2:005E idle  _TaskStart
 09CD:087A idle  _TaskStartStk
 09CD:0C7A idle  _TaskStk
 0000:1D16 idle  _ungetch
 0000:2B44 idle  _vsprintf
 0000:228F idle  _wherex
 0000:229E idle  _wherey
 09CD:0430       __8087
 0000:1000 idle  __AHINCR
 0000:000C idle  __AHSHIFT
 09CD:0560       __atexitcnt
 09CD:406E       __atexittbl
 0000:1C0C       __brk
 09CD:008B       __brklvl
 09CD:006B idle  __C0argc
 09CD:006D idle  __C0argv
 0000:1666 idle  __c0crtinit
 09CD:0071 idle  __C0environ
 09CD:0843       __cChar
 0000:0AE1 idle  __cexit
 09CD:0842       __cFlag
 0000:016A       __checknull
 0000:0157       __cleanup
 0000:1452       __CPUTN
 0000:1683 idle  __crtinit
 0000:0000  Abs  __cvtfak
 0000:0AEF idle  __c_exit
 09CD:0444       __default87
 09CD:072A idle  __doserrno
 0000:0CC1 idle  __DOSERROR
 09CD:072C idle  __dosErrorToSV
 0DDD:0000       __emu
 09CD:0075 idle  __envLng
 09CD:0077 idle  __envseg
 09CD:0079 idle  __envSize
 0000:0ACF       __exit
 09CD:0562       __exitbuf
 09CD:0566 idle  __exitfopen
 09CD:056A idle  __exitopen
 0000:08B6       __fperror
 09CD:0728       __fpstklen
 0000:04E9       __fpuint
 0000:25FD idle  __fputc
 0000:27C2       __FPUTN
 09CD:0087       __heapbase
 09CD:008F       __heaptop
 09CD:005B idle  __Int0Vector
 09CD:005F idle  __Int4Vector
 09CD:0063 idle  __Int5Vector
 09CD:0067 idle  __Int6Vector
 0000:0C88       __IOERROR
 09CD:0441       __LDT
 0000:0CE4       __LONGTOA
 0000:0293 idle  __MMODEL
 09CD:06FE       __nfile
 0000:1CEF idle  __Ngetche
 0000:1D13 idle  __Nungetch
 09CD:0700       __openfd
 09CD:007D idle  __osmajor
 09CD:007E idle  __osminor
 09CD:007D idle  __osversion
 0000:0967       __POW10
 09CD:0440       __protected
 09CD:007B       __psp
 0000:1EA6       __REALCVT
 09CD:084A       __RealCvtVector
 0000:01C0       __restorezero
 0000:1C4B       __sbrk
 09CD:084E idle  __ScanTodVector
 0000:1FE0       __SCREENIO
 0000:2093       __SCROLL
 0000:0E1E       __setupio
 09CD:0081 idle  __StartTime
 09CD:078A       __stklen
 09CD:056E       __streams
 0000:016B       __terminate
 0000:0000 idle  __turboCrt
 0000:0000  Abs  __turboCvt
 0000:0D66 idle  __UTOA
 0000:201C       __VALIDATEXY
 09CD:007D       __version
 09CD:07F6       __video
 0000:15DB       __VideoInt
 0000:0EF0       __VPRINTER
 0000:13B3       __VPTR
 0000:13D8       __VRAM
 0000:2285       __wherexy
 0000:2CB6       __write
 09CD:07F4       __wscroll
 0000:06AA       __XCVT
 0000:2CF2       __xfflush
 09CD:0085 idle  ___brklvl
 0000:1764 idle  ___first
 0000:0402 idle  ___fpreset
 0000:1766 idle  ___last
 0000:1768 idle  ___rover
 09CD:40EE       ___SignalPtr
 0000:2B65       ___write

  Address         Publics by Value

 0000:0000  Abs  __turboCvt
 0000:0000 idle  __turboCrt
 0000:0000  Abs  __cvtfak
 0000:000C idle  __AHSHIFT
 0000:0157       __cleanup
 0000:016A       __checknull
 0000:016B       __terminate
 0000:01C0       __restorezero
 0000:027A       _abort
 0000:0291 idle  DGROUP@
 0000:0293 idle  __MMODEL
 0000:0402 idle  ___fpreset
 0000:04E9       __fpuint
 0000:0632 idle  FISRQQ
 0000:06AA       __XCVT
 0000:08B6       __fperror
 0000:0967       __POW10
 0000:0A30       _pow10
 0000:0A3B idle  _atexit
 0000:0AC0       _exit
 0000:0ACF       __exit
 0000:0AE1 idle  __cexit
 0000:0AEF idle  __c_exit
 0000:0AFB       F_LXMUL@
 0000:0AFB idle  LXMUL@
 0000:0B12       _getdate
 0000:0B25       _gettime
 0000:0B38 idle  N_LDIV@
 0000:0B3B       F_LDIV@
 0000:0B3B idle  LDIV@
 0000:0B3F idle  N_LUDIV@
 0000:0B42       F_LUDIV@
 0000:0B42 idle  LUDIV@
 0000:0B47 idle  N_LMOD@
 0000:0B4A idle  F_LMOD@
 0000:0B4A idle  LMOD@
 0000:0B4F idle  N_LUMOD@
 0000:0B52 idle  LUMOD@
 0000:0B52 idle  F_LUMOD@
 0000:0BE6       N_LXLSH@
 0000:0BE9       F_LXLSH@
 0000:0BE9 idle  LXLSH@
 0000:0C07 idle  N_LXURSH@
 0000:0C0A       F_LXURSH@
 0000:0C0A idle  LXURSH@
 0000:0C28       N_PADD@
 0000:0C2B idle  F_PADD@
 0000:0C2B idle  PADD@
 0000:0C57 idle  N_PSUB@
 0000:0C5A idle  F_PSUB@
 0000:0C5A idle  PSUB@
 0000:0C88       __IOERROR
 0000:0CC1 idle  __DOSERROR
 0000:0CD3       _isatty
 0000:0CE4       __LONGTOA
 0000:0D66 idle  __UTOA
 0000:0D86       _lseek
 0000:0DAF       N_LXMUL@
 0000:0DC6       N_PCMP@
 0000:0DE7 idle  _srand
 0000:0DF8       _rand
 0000:0E1E       __setupio
 0000:0E32 idle  FICRQQ
 0000:0EF0       __VPRINTER
 0000:1000 idle  __AHINCR
 0000:13B3       __VPTR
 0000:13D8       __VRAM
 0000:1452       __CPUTN
 0000:1584 idle  _cprintf
 0000:15DB       __VideoInt
 0000:1632  Abs  FIERQQ
 0000:1666 idle  __c0crtinit
 0000:1683 idle  __crtinit
 0000:1764 idle  ___first
 0000:1766 idle  ___last
 0000:1768 idle  ___rover
 0000:18A4       _free
 0000:18A4 idle  _farfree
 0000:19AE       _malloc
 0000:19B8 idle  _farmalloc
 0000:1B15 idle  _realloc
 0000:1B1C idle  _farrealloc
 0000:1C0C       __brk
 0000:1C4B       __sbrk
 0000:1CD6       _getch
 0000:1CEF idle  __Ngetche
 0000:1CF2 idle  _getche
 0000:1D13 idle  __Nungetch
 0000:1D16 idle  _ungetch
 0000:1D34       _gettext
 0000:1D8A       _puttext
 0000:1DE0       _kbhit
 0000:1DF2       _movetext
 0000:1E8F       _putch
 0000:1EA6       __REALCVT
 0000:1FE0       __SCREENIO
 0000:201C       __VALIDATEXY
 0000:2093       __SCROLL
 0000:21FF       _setblock
 0000:221B       _setjmp
 0000:2251       _longjmp
 0000:2285       __wherexy
 0000:228F idle  _wherex
 0000:229E idle  _wherey
 0000:22B1       _fflush
 0000:237E       _flushall
 0000:23C0       _fprintf
 0000:245E       _fseek
 0000:24DE idle  _ftell
 0000:25BE       _memcpy
 0000:25E2       _printf
 0000:25FD idle  __fputc
 0000:2619 idle  _fputc
 0000:27AE idle  _fputchar
 0000:27C2       __FPUTN
 0000:29C5       _setvbuf
 0000:2B22       _sprintf
 0000:2B44 idle  _vsprintf
 0000:2B65       ___write
 0000:2CB6       __write
 0000:2CF2       __xfflush
 0000:4000 idle  FJARQQ
 0000:5C32  Abs  FIDRQQ
 0000:8000 idle  FJSRQQ
 0000:A23D  Abs  FIWRQQ
 0000:C000 idle  FJCRQQ
 0000:FE32 idle  FIARQQ
 02D2:000A       _main
 02D2:005E idle  _TaskStart
 02D2:0428 idle  _Task
 031F:0004       _OSStartHighRdy
 031F:0022       _OSCtxSw
 031F:005D       _OSIntCtxSw
 031F:008A       _OSTickISR
 032C:000A       _OSInitHookBegin
 032C:000B       _OSInitHookEnd
 032C:000C       _OSTaskCreateHook
 032C:0011       _OSTaskDelHook
 032C:0016       _OSTaskIdleHook
 032C:0017       _OSTaskStatHook
 032C:0018       _OSTaskStkInit
 032C:00FE idle  _OSTaskStkInit_FPE_x86
 032C:01D9       _OSTaskSwHook
 032C:01DA       _OSTCBInitHook
 032C:01DF       _OSTimeTickHook
 034A:0000       _PC_DispChar
 034A:003E idle  _PC_DispClrCol
 034A:0084 idle  _PC_DispClrRow
 034A:00BD       _PC_DispClrScr
 034A:00EE       _PC_DispStr
 034A:013D       _PC_DOSReturn
 034A:0151       _PC_DOSSaveReturn
 034A:01BF idle  _PC_ElapsedInit
 034A:01D3 idle  _PC_ElapsedStart
 034A:01F9 idle  _PC_ElapsedStop
 034A:024A idle  _PC_GetDateTime
 034A:029D       _PC_GetKey
 034A:02C4       _PC_SetTickRate
 034A:0311 idle  _PC_VectGet
 034A:0348       _PC_VectSet
 0381:000D       _OSInit
 0381:0045 idle  _OSIntEnter
 0381:0058       _OSIntExit
 0381:00D3 idle  _OSSchedLock
 0381:00E9 idle  _OSSchedUnlock
 0381:0116       _OSStart
 0381:0175       _OSStatInit
 0381:01B0       _OSTimeTick
 0381:023E       _OSVersion
 0381:0242 idle  _OS_Dummy
 0381:0243 idle  _OS_EventTaskRdy
 0381:030D idle  _OS_EventTaskWait
 0381:037A idle  _OS_EventTO
 0381:03CE idle  _OS_EventWaitListInit
 0381:05C8 idle  _OS_Sched
 0381:062B idle  _OS_TaskIdle
 0381:0650 idle  _OS_TaskStat
 0381:071C idle  _OS_TCBInit
 0381:08AF idle  _OSFlagAccept
 0381:09E1 idle  _OSFlagCreate
 0381:0A59 idle  _OSFlagDel
 0381:0B9B idle  _OSFlagPend
 0381:0DF5 idle  _OSFlagPost
 0381:0F95 idle  _OSFlagQuery
 0381:10B7 idle  _OS_FlagInit
 0381:1176 idle  _OS_FlagUnlink
 0381:1225 idle  _OSMboxAccept
 0381:1270 idle  _OSMboxCreate
 0381:12E5 idle  _OSMboxDel
 0381:1403 idle  _OSMboxPend
 0381:1505 idle  _OSMboxPost
 0381:157D idle  _OSMboxPostOpt
 0381:1620 idle  _OSMboxQuery
 0381:16AE idle  _OSMemCreate
 0381:17F9 idle  _OSMemGet
 0381:1877 idle  _OSMemPut
 0381:18E7 idle  _OSMemQuery
 0381:1990 idle  _OS_MemInit
 0381:1A34 idle  _OSMutexAccept
 0381:1ABF idle  _OSMutexCreate
 0381:1BA5 idle  _OSMutexDel
 0381:1CFF idle  _OSMutexPend
 0381:1EEA idle  _OSMutexPost
 0381:2072 idle  _OSMutexQuery
 0381:2127 idle  _OSQAccept
 0381:21C7 idle  _OSQCreate
 0381:22EA idle  _OSQDel
 0381:2467 idle  _OSQFlush
 0381:24BF idle  _OSQPend
 0381:2605 idle  _OSQPost
 0381:26CD idle  _OSQPostFront
 0381:278F idle  _OSQPostOpt
 0381:28CD idle  _OSQQuery
 0381:29A2 idle  _OS_QInit
 0381:29F2 idle  _OSSemAccept
 0381:2A24       _OSSemCreate
 0381:2A98 idle  _OSSemDel
 0381:2BB6       _OSSemPend
 0381:2C66       _OSSemPost
 0381:2CC0 idle  _OSSemQuery
 0381:2D46 idle  _OSTaskChangePrio
 0381:2F12       _OSTaskCreate
 0381:2FCF idle  _OSTaskCreateExt
 0381:30BF idle  _OSTaskDel
 0381:329E idle  _OSTaskDelReq
 0381:330A idle  _OSTaskResume
 0381:3389 idle  _OSTaskStkChk
 0381:346E idle  _OSTaskSuspend
 0381:351C idle  _OSTaskQuery
 0381:358A       _OSTimeDly
 0381:35D1       _OSTimeDlyHMSM
 0381:36C0 idle  _OSTimeDlyResume
 0381:3738       _OSTimeGet
 0381:3757 idle  _OSTimeSet
 06F8:2152       e086_Entry
 06F8:26E0       e086_Shortcut
 0970:0306       e087_Entry
 0970:03C6       e087_Shortcut
 0970:0430       e087_Trap
 09CD:0000 idle  DATASEG@
 09CD:005B idle  __Int0Vector
 09CD:005F idle  __Int4Vector
 09CD:0063 idle  __Int5Vector
 09CD:0067 idle  __Int6Vector
 09CD:006B idle  __C0argc
 09CD:006D idle  __C0argv
 09CD:0071 idle  __C0environ
 09CD:0075 idle  __envLng
 09CD:0077 idle  __envseg
 09CD:0079 idle  __envSize
 09CD:007B       __psp
 09CD:007D idle  __osversion
 09CD:007D idle  __osmajor
 09CD:007D       __version
 09CD:007E idle  __osminor
 09CD:007F       _errno
 09CD:0081 idle  __StartTime
 09CD:0085 idle  ___brklvl
 09CD:0087       __heapbase
 09CD:008B       __brklvl
 09CD:008F       __heaptop
 09CD:0328 idle  _OSMapTbl
 09CD:0330 idle  _OSUnMapTbl
 09CD:0430       __8087
 09CD:0440       __protected
 09CD:0441       __LDT
 09CD:0444       __default87
 09CD:0560       __atexitcnt
 09CD:0562       __exitbuf
 09CD:0566 idle  __exitfopen
 09CD:056A idle  __exitopen
 09CD:056E       __streams
 09CD:06FE       __nfile
 09CD:0700       __openfd
 09CD:0728       __fpstklen
 09CD:072A idle  __doserrno
 09CD:072C idle  __dosErrorToSV
 09CD:078A       __stklen
 09CD:07F4       __wscroll
 09CD:07F6       __video
 09CD:0805       _directvideo
 09CD:0842       __cFlag
 09CD:0843       __cChar
 09CD:084A       __RealCvtVector
 09CD:084E idle  __ScanTodVector
 09CD:086C idle  _RandomSem
 09CD:0870 idle  _TaskData
 09CD:087A idle  _TaskStartStk
 09CD:0C7A idle  _TaskStk
 09CD:347A       _OSTickDOSCtr
 09CD:347C idle  _PC_TickISR
 09CD:3498 idle  _OSTime
 09CD:349C idle  _OSQTbl
 09CD:34CC idle  _OSQFreeList
 09CD:34D0 idle  _OSMemTbl
 09CD:3534 idle  _OSMemFreeList
 09CD:3538 idle  _OSTCBTbl
 09CD:37CF idle  _OSTCBPrioTbl
 09CD:3803 idle  _OSTCBList
 09CD:3807       _OSTCBHighRdy
 09CD:380B idle  _OSTCBFreeList
 09CD:380F       _OSTCBCur
 09CD:3813 idle  _OSTaskIdleStk
 09CD:3C13 idle  _OSIdleCtr
 09CD:3C17       _OSTaskCtr
 09CD:3C18       _OSRunning
 09CD:3C19 idle  _OSRdyTbl
 09CD:3C1B idle  _OSRdyGrp
 09CD:3C1C       _OSPrioHighRdy
 09CD:3C1D       _OSPrioCur
 09CD:3C1E idle  _OSLockNesting
 09CD:3C1F idle  _OSIntExitY
 09CD:3C20       _OSIntNesting
 09CD:3C21 idle  _OSTaskStatStk
 09CD:4021 idle  _OSStatRdy
 09CD:4022 idle  _OSIdleCtrRun
 09CD:4026 idle  _OSIdleCtrMax
 09CD:402A       _OSCPUUsage
 09CD:402B idle  _OSFlagFreeList
 09CD:402F idle  _OSFlagTbl
 09CD:4052 idle  _OSEventTbl
 09CD:4066 idle  _OSEventFreeList
 09CD:406A       _OSCtxSwCtr
 09CD:406E       __atexittbl
 09CD:40EE       ___SignalPtr
 0DDD:0000       __emu

Program entry point at 0000:0000

